 node_libraw

 Timestamp is 5d9d0e94 (Tue Oct  8 15:32:52 2019)

 Preferred load address is 0000000180000000

 Start         Length     Name                   Class
 0001:00000000 00000010H .text$di                CODE
 0001:00000010 0006b7d0H .text$mn                CODE
 0001:0006b7e0 00000020H .text$mn$00             CODE
 0001:0006b800 00001a3cH .text$x                 CODE
 0001:0006d23c 0000000cH .text$yd                CODE
 0002:00000000 00000640H .idata$5                DATA
 0002:00000640 00000010H .00cfg                  DATA
 0002:00000650 00000008H .CRT$XCA                DATA
 0002:00000658 00000008H .CRT$XCL                DATA
 0002:00000660 00000008H .CRT$XCU                DATA
 0002:00000668 00000008H .CRT$XCZ                DATA
 0002:00000670 00000008H .CRT$XIA                DATA
 0002:00000678 00000008H .CRT$XIZ                DATA
 0002:00000680 00000008H .CRT$XPA                DATA
 0002:00000688 00000008H .CRT$XPZ                DATA
 0002:00000690 00000008H .CRT$XTA                DATA
 0002:00000698 00000008H .CRT$XTZ                DATA
 0002:000006a0 00000000H .gfids$y                DATA
 0002:000006a0 0001c670H .rdata                  DATA
 0002:0001cd10 00000d04H .rdata$r                DATA
 0002:0001da14 0000035cH .rdata$zzzdbg           DATA
 0002:0001dd70 00000008H .rtc$IAA                DATA
 0002:0001dd78 00000008H .rtc$IZZ                DATA
 0002:0001dd80 00000008H .rtc$TAA                DATA
 0002:0001dd88 00000008H .rtc$TZZ                DATA
 0002:0001dd90 00007808H .xdata                  DATA
 0002:00025598 00000278H .xdata$x                DATA
 0002:00025810 00005834H .edata                  DATA
 0002:0002b044 00000118H .idata$2                DATA
 0002:0002b15c 00000014H .idata$3                DATA
 0002:0002b170 00000640H .idata$4                DATA
 0002:0002b7b0 000018ccH .idata$6                DATA
 0003:00000000 00042b40H .data                   DATA
 0003:00042b40 000005c0H .data$r                 DATA
 0003:00043100 000007d8H .bss                    DATA
 0004:00000000 000033f0H .pdata                  DATA
 0005:00000000 00000b50H _RDATA                  DATA
 0006:00000000 00000060H .rsrc$01                DATA
 0006:00000060 00000180H .rsrc$02                DATA

  Address         Publics by Value              Rva+Base               Lib:Object

 0000:00000000       __guard_fids_count         0000000000000000     <absolute>
 0000:00000000       __enclave_config           0000000000000000     <absolute>
 0000:00000000       __guard_longjmp_count      0000000000000000     <absolute>
 0000:00000000       __hybrid_code_map          0000000000000000     <absolute>
 0000:00000000       __guard_iat_count          0000000000000000     <absolute>
 0000:00000000       __guard_longjmp_table      0000000000000000     <absolute>
 0000:00000000       __volatile_metadata        0000000000000000     <absolute>
 0000:00000000       __hybrid_code_map_count    0000000000000000     <absolute>
 0000:00000000       ___safe_se_handler_table   0000000000000000     <absolute>
 0000:00000000       __guard_iat_table          0000000000000000     <absolute>
 0000:00000000       __guard_fids_table         0000000000000000     <absolute>
 0000:00000000       ___safe_se_handler_count   0000000000000000     <absolute>
 0000:00000000       __dynamic_value_reloc_table 0000000000000000     <absolute>
 0000:00000000       __hybrid_auxiliary_iat     0000000000000000     <absolute>
 0000:00000100       __guard_flags              0000000000000100     <absolute>
 0000:00000000       __ImageBase                0000000180000000     <linker-defined>
 0001:00000010       ??0exception@std@@QEAA@AEBV01@@Z 0000000180001010 f i node_libraw.obj
 0001:00000050       ??1exception@std@@UEAA@XZ  0000000180001050 f i node_libraw.obj
 0001:00000080       ?what@exception@std@@UEBAPEBDXZ 0000000180001080 f i node_libraw.obj
 0001:000000a0       ??_Gexception@std@@UEAAPEAXI@Z 00000001800010a0 f i node_libraw.obj
 0001:000000a0       ??_Eexception@std@@UEAAPEAXI@Z 00000001800010a0 f i * CIL library *:* CIL module *
 0001:000000f0       ??0runtime_error@std@@QEAA@PEBD@Z 00000001800010f0 f i node_libraw.obj
 0001:00000150       ??_Gruntime_error@std@@UEAAPEAXI@Z 0000000180001150 f i node_libraw.obj
 0001:00000150       ??_Eruntime_error@std@@UEAAPEAXI@Z 0000000180001150 f i * CIL library *:* CIL module *
 0001:00000150       ??_Gbad_cast@std@@UEAAPEAXI@Z 0000000180001150 f i node_libraw.obj
 0001:00000150       ??_Ebad_cast@std@@UEAAPEAXI@Z 0000000180001150 f i * CIL library *:* CIL module *
 0001:000001b0       ??1bad_cast@std@@UEAA@XZ   00000001800011b0 f i node_libraw.obj
 0001:000001b0       ??1runtime_error@std@@UEAA@XZ 00000001800011b0 f i node_libraw.obj
 0001:000001e0       ??0range_error@std@@QEAA@PEBD@Z 00000001800011e0 f i node_libraw.obj
 0001:00000250       ??_Erange_error@std@@UEAAPEAXI@Z 0000000180001250 f i * CIL library *:* CIL module *
 0001:00000250       ??_Grange_error@std@@UEAAPEAXI@Z 0000000180001250 f i node_libraw.obj
 0001:000002b0       ??1range_error@std@@UEAA@XZ 00000001800012b0 f i node_libraw.obj
 0001:000002e0       ??0bad_cast@std@@QEAA@XZ   00000001800012e0 f i node_libraw.obj
 0001:00000320       ??0runtime_error@std@@QEAA@AEBV01@@Z 0000000180001320 f i node_libraw.obj
 0001:00000370       ??1locale@std@@QEAA@XZ     0000000180001370 f i node_libraw.obj
 0001:000003b0       ?NODE_SET_METHOD@node@@YAXV?$Local@VObject@v8@@@v8@@PEBDP6AXAEBV?$FunctionCallbackInfo@VValue@v8@@@3@@Z@Z 00000001800013b0 f i node_libraw.obj
 0001:00000490       ??0LibRaw_abstract_datastream@@QEAA@XZ 0000000180001490 f i node_libraw.obj
 0001:000004b0       ??1LibRaw_abstract_datastream@@UEAA@XZ 00000001800014b0 f i node_libraw.obj
 0001:000004d0       ?jpeg_src@LibRaw_file_datastream@@UEAAHPEAX@Z 00000001800014d0 f i libraw:libraw_datastream.obj
 0001:000004d0       ?subfile_open@LibRaw_abstract_datastream@@UEAAHPEBD@Z 00000001800014d0 f i node_libraw.obj
 0001:000004d0       ?jpeg_src@LibRaw_abstract_datastream@@UEAAHPEAX@Z 00000001800014d0 f i node_libraw.obj
 0001:000004d0       ?jpeg_src@LibRaw_buffer_datastream@@UEAAHPEAX@Z 00000001800014d0 f i libraw:libraw_datastream.obj
 0001:000004d0       ?subfile_open@LibRaw_abstract_datastream@@UEAAHPEB_W@Z 00000001800014d0 f i node_libraw.obj
 0001:000004d0       ?try_dngsdk@LibRaw@@IEAAHXZ 00000001800014d0 f i libraw:libraw_cxx.obj
 0001:000004d0       ?jpeg_src@LibRaw_bigfile_datastream@@UEAAHPEAX@Z 00000001800014d0 f i libraw:libraw_datastream.obj
 0001:000004e0       ?lock@LibRaw_abstract_datastream@@UEAAHXZ 00000001800014e0 f i node_libraw.obj
 0001:000004e0       _get_startup_argv_mode     00000001800014e0 f i MSVCRT:argv_mode.obj
 0001:000004f0       ?set_dng_host@LibRaw@@QEAAXPEAX@Z 00000001800014f0 f i libraw:libraw_cxx.obj
 0001:000004f0       ?redcine_load_raw@LibRaw@@IEAAXXZ 00000001800014f0 f i libraw:dcraw_common.obj
 0001:000004f0       ?fix_after_rawspeed@LibRaw@@IEAAXH@Z 00000001800014f0 f i libraw:libraw_cxx.obj
 0001:000004f0       ?kodak_jpeg_load_raw@LibRaw@@IEAAXXZ 00000001800014f0 f i libraw:dcraw_common.obj
 0001:000004f0       ?subfile_close@LibRaw_abstract_datastream@@UEAAXXZ 00000001800014f0 f i node_libraw.obj
 0001:000004f0       ?unlock@LibRaw_abstract_datastream@@UEAAXXZ 00000001800014f0 f i node_libraw.obj
 0001:000004f0       _guard_check_icall_nop     00000001800014f0 f i MSVCRT:guard_support.obj
 0001:000004f0       ?lossy_dng_load_raw@LibRaw@@IEAAXXZ 00000001800014f0 f i libraw:dcraw_common.obj
 0001:00000500       ?wfname@LibRaw_abstract_datastream@@UEAAPEB_WXZ 0000000180001500 f i node_libraw.obj
 0001:00000500       ?capabilities@LibRaw@@SAIXZ 0000000180001500 f i libraw:libraw_cxx.obj
 0001:00000500       ?own_filtering_supported@LibRaw@@IEAAHXZ 0000000180001500 f i node_libraw.obj
 0001:00000500       ?set_rawspeed_camerafile@LibRaw@@QEAAHPEAD@Z 0000000180001500 f i libraw:libraw_cxx.obj
 0001:00000500       _is_c_termination_complete 0000000180001500 f i MSVCRT:ucrt_stubs.obj
 0001:00000500       ?do_encoding@?$codecvt_utf8_utf16@_W$0BAPPPP@$0A@@std@@MEBAHXZ 0000000180001500 f i node_libraw.obj
 0001:00000500       __scrt_stub_for_is_c_termination_complete 0000000180001500 f i MSVCRT:ucrt_stubs.obj
 0001:00000500       ?make_jas_stream@LibRaw_file_datastream@@UEAAPEAXXZ 0000000180001500 f i libraw:libraw_datastream.obj
 0001:00000500       ?valid_for_dngsdk@LibRaw@@IEAAHXZ 0000000180001500 f i libraw:libraw_cxx.obj
 0001:00000500       ?make_jas_stream@LibRaw_bigfile_datastream@@UEAAPEAXXZ 0000000180001500 f i libraw:libraw_datastream.obj
 0001:00000500       ?make_jas_stream@LibRaw_buffer_datastream@@UEAAPEAXXZ 0000000180001500 f i libraw:libraw_datastream.obj
 0001:00000500       ?fname@LibRaw_abstract_datastream@@UEAAPEBDXZ 0000000180001500 f i node_libraw.obj
 0001:00000510       ??0LibRaw_abstract_datastream@@QEAA@AEBV0@@Z 0000000180001510 f i node_libraw.obj
 0001:00000530       ??4LibRaw_abstract_datastream@@QEAAAEAV0@AEBV0@@Z 0000000180001530 f i node_libraw.obj
 0001:00000540       ??_ELibRaw_abstract_datastream@@UEAAPEAXI@Z 0000000180001540 f i node_libraw.obj
 0001:000005f0       ??_F?$auto_ptr@V?$basic_streambuf@DU?$char_traits@D@std@@@std@@@std@@QEAAXXZ 00000001800015f0 f i node_libraw.obj
 0001:00000600       ?size@LibRaw_bigfile_datastream@@UEAA_JXZ 0000000180001600 f i node_libraw.obj
 0001:00000600       ?size@LibRaw_file_datastream@@UEAA_JXZ 0000000180001600 f i node_libraw.obj
 0001:00000610       ?get_char@LibRaw_file_datastream@@UEAAHXZ 0000000180001610 f i node_libraw.obj
 0001:00000630       ??0LibRaw_file_datastream@@QEAA@AEAV0@@Z 0000000180001630 f i node_libraw.obj
 0001:000006c0       ??4LibRaw_file_datastream@@QEAAAEAV0@AEAV0@@Z 00000001800016c0 f i node_libraw.obj
 0001:000007a0       ??_ELibRaw_file_datastream@@UEAAPEAXI@Z 00000001800017a0 f i node_libraw.obj
 0001:00000840       ?size@LibRaw_buffer_datastream@@UEAA_JXZ 0000000180001840 f i node_libraw.obj
 0001:00000850       ?get_char@LibRaw_buffer_datastream@@UEAAHXZ 0000000180001850 f i node_libraw.obj
 0001:00000890       ??0LibRaw_buffer_datastream@@QEAA@AEBV0@@Z 0000000180001890 f i node_libraw.obj
 0001:000008e0       ??4LibRaw_buffer_datastream@@QEAAAEAV0@AEBV0@@Z 00000001800018e0 f i node_libraw.obj
 0001:00000910       ??_ELibRaw_buffer_datastream@@UEAAPEAXI@Z 0000000180001910 f i node_libraw.obj
 0001:000009d0       ?get_char@LibRaw_bigfile_datastream@@UEAAHXZ 00000001800019d0 f i node_libraw.obj
 0001:000009f0       ??0LibRaw_bigfile_datastream@@QEAA@AEBV0@@Z 00000001800019f0 f i node_libraw.obj
 0001:00000a70       ??4LibRaw_bigfile_datastream@@QEAAAEAV0@AEBV0@@Z 0000000180001a70 f i node_libraw.obj
 0001:00000b00       ??_ELibRaw_bigfile_datastream@@UEAAPEAXI@Z 0000000180001b00 f i node_libraw.obj
 0001:00000ba0       ?size@LibRaw_windows_datastream@@UEAA_JXZ 0000000180001ba0 f i node_libraw.obj
 0001:00000bb0       ?reconstruct_base@LibRaw_windows_datastream@@IEAAXXZ 0000000180001bb0 f i node_libraw.obj
 0001:00000c10       ??0LibRaw_windows_datastream@@QEAA@AEBV0@@Z 0000000180001c10 f i node_libraw.obj
 0001:00000c80       ??4LibRaw_windows_datastream@@QEAAAEAV0@AEBV0@@Z 0000000180001c80 f i node_libraw.obj
 0001:00000cc0       ??_ELibRaw_windows_datastream@@UEAAPEAXI@Z 0000000180001cc0 f i node_libraw.obj
 0001:00000d60       ??0libraw_memmgr@@QEAA@I@Z 0000000180001d60 f i node_libraw.obj
 0001:00000da0       ??1libraw_memmgr@@QEAA@XZ  0000000180001da0 f i node_libraw.obj
 0001:00000e10       ?malloc@libraw_memmgr@@QEAAPEAX_K@Z 0000000180001e10 f i node_libraw.obj
 0001:00000e90       ?calloc@libraw_memmgr@@QEAAPEAX_K0@Z 0000000180001e90 f i node_libraw.obj
 0001:00000f20       ?realloc@libraw_memmgr@@QEAAPEAXPEAX_K@Z 0000000180001f20 f i node_libraw.obj
 0001:00000fd0       ?free@libraw_memmgr@@QEAAXPEAX@Z 0000000180001fd0 f i node_libraw.obj
 0001:00001020       ?cleanup@libraw_memmgr@@QEAAXXZ 0000000180002020 f i node_libraw.obj
 0001:00001080       ?mem_ptr@libraw_memmgr@@AEAAXPEAX@Z 0000000180002080 f i node_libraw.obj
 0001:000010e0       ?forget_ptr@libraw_memmgr@@AEAAXPEAX@Z 00000001800020e0 f i node_libraw.obj
 0001:00001120       ??4libraw_memmgr@@QEAAAEAV0@AEBV0@@Z 0000000180002120 f i node_libraw.obj
 0001:00001130       ?output_params_ptr@LibRaw@@QEAAPEAUlibraw_output_params_t@@XZ 0000000180002130 f i node_libraw.obj
 0001:00001140       ?error_count@LibRaw@@QEAAHXZ 0000000180002140 f i node_libraw.obj
 0001:00001150       ?set_exifparser_handler@LibRaw@@QEAAXP6AXPEAXHHHI0@Z0@Z 0000000180002150 f i node_libraw.obj
 0001:00001160       ?set_memerror_handler@LibRaw@@QEAAXP6AXPEAXPEBD1@Z0@Z 0000000180002160 f i node_libraw.obj
 0001:00001170       ?set_dataerror_handler@LibRaw@@QEAAXP6AXPEAXPEBDH@Z0@Z 0000000180002170 f i node_libraw.obj
 0001:00001180       ?set_progress_handler@LibRaw@@QEAAXP6AHPEAXW4LibRaw_progress@@HH@Z0@Z 0000000180002180 f i node_libraw.obj
 0001:00001190       ?is_fuji_rotated@LibRaw@@QEAAHXZ 0000000180002190 f i node_libraw.obj
 0001:000011a0       ?COLOR@LibRaw@@QEAAHHH@Z   00000001800021a0 f i node_libraw.obj
 0001:00001230       ?FC@LibRaw@@QEAAHHH@Z      0000000180002230 f i node_libraw.obj
 0001:00001250       ?get_internal_data_pointer@LibRaw@@QEAAPEAUlibraw_internal_data_t@@XZ 0000000180002250 f i node_libraw.obj
 0001:00001260       ?FCF@LibRaw@@IEAAHHH@Z     0000000180002260 f i node_libraw.obj
 0001:000012c0       ?raw_was_read@LibRaw@@IEAAHXZ 00000001800022c0 f i node_libraw.obj
 0001:00001310       ??0LibRaw@@QEAA@AEBV0@@Z   0000000180002310 f i node_libraw.obj
 0001:00001570       ??4LibRaw@@QEAAAEAV0@AEBV0@@Z 0000000180002570 f i node_libraw.obj
 0001:00001810       ??_FLibRaw@@QEAAXXZ        0000000180002810 f i node_libraw.obj
 0001:00001820       ??_ELibRaw@@UEAAPEAXI@Z    0000000180002820 f i node_libraw.obj
 0001:000018f0       ?convertToWstring@node_libraw@@YA?AV?$basic_string@_WU?$char_traits@_W@std@@V?$allocator@_W@2@@std@@V?$basic_string@DU?$char_traits@D@std@@V?$allocator@D@2@@3@@Z 00000001800028f0 f   node_libraw.obj
 0001:00001b00       ?Extract@node_libraw@@YAXAEBV?$FunctionCallbackInfo@VValue@v8@@@v8@@@Z 0000000180002b00 f   node_libraw.obj
 0001:00002050       ??_D?$basic_ifstream@DU?$char_traits@D@std@@@std@@QEAAXXZ 0000000180003050 f i node_libraw.obj
 0001:000020d0       ?ExtractThumb@node_libraw@@YAXAEBV?$FunctionCallbackInfo@VValue@v8@@@v8@@@Z 00000001800030d0 f   node_libraw.obj
 0001:00002500       ?init@node_libraw@@YAXV?$Local@VObject@v8@@@v8@@@Z 0000000180003500 f   node_libraw.obj
 0001:00002550       ??1?$vector@DV?$allocator@D@std@@@std@@QEAA@XZ 0000000180003550 f i node_libraw.obj
 0001:000025c0       ??0?$vector@DV?$allocator@D@std@@@std@@QEAA@_KAEBV?$allocator@D@1@@Z 00000001800035c0 f i node_libraw.obj
 0001:00002690       ??1?$wstring_convert@V?$codecvt_utf8_utf16@_W$0BAPPPP@$0A@@std@@_WV?$allocator@_W@2@V?$allocator@D@2@@std@@UEAA@XZ 0000000180003690 f i node_libraw.obj
 0001:00002790       ?do_max_length@?$codecvt_utf8_utf16@_W$0BAPPPP@$0A@@std@@MEBAHXZ 0000000180003790 f i node_libraw.obj
 0001:000027a0       ?do_always_noconv@?$codecvt_utf8_utf16@_W$0BAPPPP@$0A@@std@@MEBA_NXZ 00000001800037a0 f i node_libraw.obj
 0001:000027b0       ?do_length@?$codecvt_utf8_utf16@_W$0BAPPPP@$0A@@std@@MEBAHAEAU_Mbstatet@@PEBD1_K@Z 00000001800037b0 f i node_libraw.obj
 0001:00002880       ?do_unshift@?$codecvt_utf8_utf16@_W$0BAPPPP@$0A@@std@@MEBAHAEAU_Mbstatet@@PEAD1AEAPEAD@Z 0000000180003880 f i node_libraw.obj
 0001:000028a0       ?do_out@?$codecvt_utf8_utf16@_W$0BAPPPP@$0A@@std@@MEBAHAEAU_Mbstatet@@PEB_W1AEAPEB_WPEAD3AEAPEAD@Z 00000001800038a0 f i node_libraw.obj
 0001:00002a70       ?do_in@?$codecvt_utf8_utf16@_W$0BAPPPP@$0A@@std@@MEBAHAEAU_Mbstatet@@PEBD1AEAPEBDPEA_W3AEAPEA_W@Z 0000000180003a70 f i node_libraw.obj
 0001:00002cc0       ?reset@?$auto_ptr@V?$basic_streambuf@DU?$char_traits@D@std@@@std@@@std@@QEAAXPEAV?$basic_streambuf@DU?$char_traits@D@std@@@2@@Z 0000000180003cc0 f i node_libraw.obj
 0001:00002d00       ?release@?$auto_ptr@V?$basic_streambuf@DU?$char_traits@D@std@@@std@@@std@@QEAAPEAV?$basic_streambuf@DU?$char_traits@D@std@@@2@XZ 0000000180003d00 f i node_libraw.obj
 0001:00002d10       ??C?$auto_ptr@V?$basic_streambuf@DU?$char_traits@D@std@@@std@@@std@@QEBAPEAV?$basic_streambuf@DU?$char_traits@D@std@@@1@XZ 0000000180003d10 f i node_libraw.obj
 0001:00002d10       ??D?$auto_ptr@V?$basic_streambuf@DU?$char_traits@D@std@@@std@@@std@@QEBAAEAV?$basic_streambuf@DU?$char_traits@D@std@@@1@XZ 0000000180003d10 f i node_libraw.obj
 0001:00002d10       ?get@?$auto_ptr@V?$basic_streambuf@DU?$char_traits@D@std@@@std@@@std@@QEBAPEAV?$basic_streambuf@DU?$char_traits@D@std@@@2@XZ 0000000180003d10 f i node_libraw.obj
 0001:00002d20       ??1?$auto_ptr@V?$basic_streambuf@DU?$char_traits@D@std@@@std@@@std@@QEAA@XZ 0000000180003d20 f i node_libraw.obj
 0001:00002d20       ??1?$unique_ptr@V_Facet_base@std@@U?$default_delete@V_Facet_base@std@@@2@@std@@QEAA@XZ 0000000180003d20 f i node_libraw.obj
 0001:00002d50       ??4?$auto_ptr@V?$basic_streambuf@DU?$char_traits@D@std@@@std@@@std@@QEAAAEAV01@U?$auto_ptr_ref@V?$basic_streambuf@DU?$char_traits@D@std@@@std@@@1@@Z 0000000180003d50 f i node_libraw.obj
 0001:00002da0       ??4?$auto_ptr@V?$basic_streambuf@DU?$char_traits@D@std@@@std@@@std@@QEAAAEAV01@AEAV01@@Z 0000000180003da0 f i node_libraw.obj
 0001:00002df0       ??0?$auto_ptr@V?$basic_streambuf@DU?$char_traits@D@std@@@std@@@std@@QEAA@U?$auto_ptr_ref@V?$basic_streambuf@DU?$char_traits@D@std@@@std@@@1@@Z 0000000180003df0 f i node_libraw.obj
 0001:00002df0       ??0?$auto_ptr@V?$basic_streambuf@DU?$char_traits@D@std@@@std@@@std@@QEAA@PEAV?$basic_streambuf@DU?$char_traits@D@std@@@1@@Z 0000000180003df0 f i node_libraw.obj
 0001:00002e00       ??0?$auto_ptr@V?$basic_streambuf@DU?$char_traits@D@std@@@std@@@std@@QEAA@AEAV01@@Z 0000000180003e00 f i node_libraw.obj
 0001:00002e20       ??1?$basic_string@_WU?$char_traits@_W@std@@V?$allocator@_W@2@@std@@QEAA@XZ 0000000180003e20 f i node_libraw.obj
 0001:00002e90       ??0?$basic_string@_WU?$char_traits@_W@std@@V?$allocator@_W@2@@std@@QEAA@AEBV01@@Z 0000000180003e90 f i node_libraw.obj
 0001:00002f90       ??1?$basic_string@DU?$char_traits@D@std@@V?$allocator@D@2@@std@@QEAA@XZ 0000000180003f90 f i node_libraw.obj
 0001:00003000       ??0?$basic_string@DU?$char_traits@D@std@@V?$allocator@D@2@@std@@QEAA@AEBV01@@Z 0000000180004000 f i node_libraw.obj
 0001:000030e0       ??0?$basic_ifstream@DU?$char_traits@D@std@@@std@@QEAA@XZ 00000001800040e0 f i node_libraw.obj
 0001:000031c0       ?imbue@?$basic_filebuf@DU?$char_traits@D@std@@@std@@MEAAXAEBVlocale@2@@Z 00000001800041c0 f i node_libraw.obj
 0001:00003210       ?sync@?$basic_filebuf@DU?$char_traits@D@std@@@std@@MEAAHXZ 0000000180004210 f i node_libraw.obj
 0001:00003260       ?setbuf@?$basic_filebuf@DU?$char_traits@D@std@@@std@@MEAAPEAV?$basic_streambuf@DU?$char_traits@D@std@@@2@PEAD_J@Z 0000000180004260 f i node_libraw.obj
 0001:00003350       ?seekpos@?$basic_filebuf@DU?$char_traits@D@std@@@std@@MEAA?AV?$fpos@U_Mbstatet@@@2@V32@H@Z 0000000180004350 f i node_libraw.obj
 0001:00003430       ?seekoff@?$basic_filebuf@DU?$char_traits@D@std@@@std@@MEAA?AV?$fpos@U_Mbstatet@@@2@_JHH@Z 0000000180004430 f i node_libraw.obj
 0001:00003510       ?xsputn@?$basic_filebuf@DU?$char_traits@D@std@@@std@@MEAA_JPEBD_J@Z 0000000180004510 f i node_libraw.obj
 0001:000035f0       ?xsgetn@?$basic_filebuf@DU?$char_traits@D@std@@@std@@MEAA_JPEAD_J@Z 00000001800045f0 f i node_libraw.obj
 0001:000036e0       ?uflow@?$basic_filebuf@DU?$char_traits@D@std@@@std@@MEAAHXZ 00000001800046e0 f i node_libraw.obj
 0001:000039a0       ?underflow@?$basic_filebuf@DU?$char_traits@D@std@@@std@@MEAAHXZ 00000001800049a0 f i node_libraw.obj
 0001:00003a10       ?pbackfail@?$basic_filebuf@DU?$char_traits@D@std@@@std@@MEAAHH@Z 0000000180004a10 f i node_libraw.obj
 0001:00003b00       ?overflow@?$basic_filebuf@DU?$char_traits@D@std@@@std@@MEAAHH@Z 0000000180004b00 f i node_libraw.obj
 0001:00003ca0       ?_Unlock@?$basic_filebuf@DU?$char_traits@D@std@@@std@@UEAAXXZ 0000000180004ca0 f i node_libraw.obj
 0001:00003cc0       ?_Lock@?$basic_filebuf@DU?$char_traits@D@std@@@std@@UEAAXXZ 0000000180004cc0 f i node_libraw.obj
 0001:00003ce0       ??1?$basic_filebuf@DU?$char_traits@D@std@@@std@@UEAA@XZ 0000000180004ce0 f i node_libraw.obj
 0001:00003d60       ??_E?$wstring_convert@V?$codecvt_utf8_utf16@_W$0BAPPPP@$0A@@std@@_WV?$allocator@_W@2@V?$allocator@D@2@@std@@UEAAPEAXI@Z 0000000180004d60 f i * CIL library *:* CIL module *
 0001:00003d60       ??_G?$wstring_convert@V?$codecvt_utf8_utf16@_W$0BAPPPP@$0A@@std@@_WV?$allocator@_W@2@V?$allocator@D@2@@std@@UEAAPEAXI@Z 0000000180004d60 f i node_libraw.obj
 0001:00003da0       ??_E?$codecvt_utf8_utf16@_W$0BAPPPP@$0A@@std@@UEAAPEAXI@Z 0000000180004da0 f i * CIL library *:* CIL module *
 0001:00003da0       ??_G?$codecvt_utf8_utf16@_W$0BAPPPP@$0A@@std@@UEAAPEAXI@Z 0000000180004da0 f i node_libraw.obj
 0001:00003e10       ??_E?$basic_ifstream@DU?$char_traits@D@std@@@std@@UEAAPEAXI@Z 0000000180004e10 f i * CIL library *:* CIL module *
 0001:00003e10       ??_G?$basic_ifstream@DU?$char_traits@D@std@@@std@@UEAAPEAXI@Z 0000000180004e10 f i node_libraw.obj
 0001:00003e50       ??_G?$basic_filebuf@DU?$char_traits@D@std@@@std@@UEAAPEAXI@Z 0000000180004e50 f i node_libraw.obj
 0001:00003e50       ??_E?$basic_filebuf@DU?$char_traits@D@std@@@std@@UEAAPEAXI@Z 0000000180004e50 f i * CIL library *:* CIL module *
 0001:00003e90       ?_Tidy@?$vector@DV?$allocator@D@std@@@std@@AEAAXXZ 0000000180004e90 f i node_libraw.obj
 0001:00003ef0       ?from_bytes@?$wstring_convert@V?$codecvt_utf8_utf16@_W$0BAPPPP@$0A@@std@@_WV?$allocator@_W@2@V?$allocator@D@2@@std@@QEAA?AV?$basic_string@_WU?$char_traits@_W@std@@V?$allocator@_W@2@@2@PEBD0@Z 0000000180004ef0 f i node_libraw.obj
 0001:000043d0       ?_Tidy_deallocate@?$basic_string@_WU?$char_traits@_W@std@@V?$allocator@_W@2@@std@@QEAAXXZ 00000001800053d0 f i node_libraw.obj
 0001:00004440       ?assign@?$basic_string@_WU?$char_traits@_W@std@@V?$allocator@_W@2@@std@@QEAAAEAV12@QEB_W_K@Z 0000000180005440 f i node_libraw.obj
 0001:000045d0       ?_Tidy_deallocate@?$basic_string@DU?$char_traits@D@std@@V?$allocator@D@2@@std@@QEAAXXZ 00000001800055d0 f i node_libraw.obj
 0001:00004630       ?push_back@?$basic_string@DU?$char_traits@D@std@@V?$allocator@D@2@@std@@QEAAXD@Z 0000000180005630 f i node_libraw.obj
 0001:000047c0       ?assign@?$basic_string@DU?$char_traits@D@std@@V?$allocator@D@2@@std@@QEAAAEAV12@QEBD_K@Z 00000001800057c0 f i node_libraw.obj
 0001:00004910       ?_Reset_back@?$basic_filebuf@DU?$char_traits@D@std@@@std@@AEAAXXZ 0000000180005910 f i node_libraw.obj
 0001:00004940       ?_Endwrite@?$basic_filebuf@DU?$char_traits@D@std@@@std@@IEAA_NXZ 0000000180005940 f i node_libraw.obj
 0001:00004a10       ?close@?$basic_filebuf@DU?$char_traits@D@std@@@std@@QEAAPEAV12@XZ 0000000180005a10 f i node_libraw.obj
 0001:00004a90       ?open@?$basic_filebuf@DU?$char_traits@D@std@@@std@@QEAAPEAV12@PEBDHH@Z 0000000180005a90 f i node_libraw.obj
 0001:00004be0       ??0?$basic_filebuf@DU?$char_traits@D@std@@@std@@QEAA@PEAU_iobuf@@@Z 0000000180005be0 f i node_libraw.obj
 0001:00004c40       ??0range_error@std@@QEAA@AEBV01@@Z 0000000180005c40 f i node_libraw.obj
 0001:00004ca0       ?_Xlength@?$vector@DV?$allocator@D@std@@@std@@CAXXZ 0000000180005ca0 f i node_libraw.obj
 0001:00004cc0       ?open@?$basic_filebuf@DU?$char_traits@D@std@@@std@@QEAAPEAV12@PEB_WHH@Z 0000000180005cc0 f i node_libraw.obj
 0001:00004e10       ??$use_facet@V?$codecvt@DDU_Mbstatet@@@std@@@std@@YAAEBV?$codecvt@DDU_Mbstatet@@@0@AEBVlocale@0@@Z 0000000180005e10 f i node_libraw.obj
 0001:00004f10       ??$_Reallocate_grow_by@V<lambda_25953b27f3c43b57ba59f021c7f225c5>@@_W@?$basic_string@_WU?$char_traits@_W@std@@V?$allocator@_W@2@@std@@QEAAAEAV01@_KV<lambda_25953b27f3c43b57ba59f021c7f225c5>@@_W@Z 0000000180005f10 f i node_libraw.obj
 0001:000050a0       ??$_Reallocate_grow_by@V<lambda_a3050a43f3157934f354774ab3dd2e02>@@_K_W@?$basic_string@_WU?$char_traits@_W@std@@V?$allocator@_W@2@@std@@QEAAAEAV01@_KV<lambda_a3050a43f3157934f354774ab3dd2e02>@@_K_W@Z 00000001800060a0 f i node_libraw.obj
 0001:00005230       ??$_Reallocate_grow_by@V<lambda_1dfe18491bcca09701d8ccb01d0b0af4>@@PEB_W_K@?$basic_string@_WU?$char_traits@_W@std@@V?$allocator@_W@2@@std@@QEAAAEAV01@_KV<lambda_1dfe18491bcca09701d8ccb01d0b0af4>@@PEB_W_K@Z 0000000180006230 f i node_libraw.obj
 0001:000053e0       ??0bad_cast@std@@QEAA@AEBV01@@Z 00000001800063e0 f i node_libraw.obj
 0001:00005430       ?_Xlen@?$basic_string@_WU?$char_traits@_W@std@@V?$allocator@_W@2@@std@@SAXXZ 0000000180006430 f i node_libraw.obj
 0001:00005430       ?_Xlen@?$basic_string@DU?$char_traits@D@std@@V?$allocator@D@2@@std@@SAXXZ 0000000180006430 f i node_libraw.obj
 0001:00005444       ??_E?$basic_ifstream@DU?$char_traits@D@std@@@std@@$4PPPPPPPM@A@EAAPEAXI@Z 0000000180006444 f i node_libraw.obj
 0001:00005450       __local_stdio_scanf_options 0000000180006450 f i libraw:libraw_datastream.obj
 0001:00005460       fscanf_s                   0000000180006460 f i libraw:libraw_datastream.obj
 0001:000054b0       sscanf_s                   00000001800064b0 f i libraw:libraw_datastream.obj
 0001:00005510       ?tempbuffer_open@LibRaw_abstract_datastream@@UEAAHPEAX_K@Z 0000000180006510 f   libraw:libraw_datastream.obj
 0001:000055a0       ?tempbuffer_close@LibRaw_abstract_datastream@@UEAAXXZ 00000001800065a0 f   libraw:libraw_datastream.obj
 0001:000055d0       ??1LibRaw_file_datastream@@UEAA@XZ 00000001800065d0 f   libraw:libraw_datastream.obj
 0001:00005700       ??0LibRaw_file_datastream@@QEAA@PEBD@Z 0000000180006700 f   libraw:libraw_datastream.obj
 0001:00005880       ??0LibRaw_file_datastream@@QEAA@PEB_W@Z 0000000180006880 f   libraw:libraw_datastream.obj
 0001:00005a00       ?wfname@LibRaw_file_datastream@@UEAAPEB_WXZ 0000000180006a00 f   libraw:libraw_datastream.obj
 0001:00005a00       ?wfname@LibRaw_bigfile_datastream@@UEAAPEB_WXZ 0000000180006a00 f   libraw:libraw_datastream.obj
 0001:00005a20       ?valid@LibRaw_buffer_datastream@@UEAAHXZ 0000000180006a20 f   libraw:libraw_datastream.obj
 0001:00005a20       ?valid@LibRaw_bigfile_datastream@@UEAAHXZ 0000000180006a20 f   libraw:libraw_datastream.obj
 0001:00005a20       ?valid@LibRaw_file_datastream@@UEAAHXZ 0000000180006a20 f   libraw:libraw_datastream.obj
 0001:00005a30       ?read@LibRaw_file_datastream@@UEAAHPEAX_K1@Z 0000000180006a30 f   libraw:libraw_datastream.obj
 0001:00005aa0       ?eof@LibRaw_file_datastream@@UEAAHXZ 0000000180006aa0 f   libraw:libraw_datastream.obj
 0001:00005b00       ?seek@LibRaw_file_datastream@@UEAAH_JH@Z 0000000180006b00 f   libraw:libraw_datastream.obj
 0001:00005b90       ?tell@LibRaw_file_datastream@@UEAA_JXZ 0000000180006b90 f   libraw:libraw_datastream.obj
 0001:00005c00       ?gets@LibRaw_file_datastream@@UEAAPEADPEADH@Z 0000000180006c00 f   libraw:libraw_datastream.obj
 0001:00005ce0       ?scanf_one@LibRaw_file_datastream@@UEAAHPEBDPEAX@Z 0000000180006ce0 f   libraw:libraw_datastream.obj
 0001:00005e30       ?fname@LibRaw_file_datastream@@UEAAPEBDXZ 0000000180006e30 f   libraw:libraw_datastream.obj
 0001:00005e30       ?fname@LibRaw_bigfile_datastream@@UEAAPEBDXZ 0000000180006e30 f   libraw:libraw_datastream.obj
 0001:00005e50       ?subfile_open@LibRaw_file_datastream@@UEAAHPEBD@Z 0000000180006e50 f   libraw:libraw_datastream.obj
 0001:00005f70       ?subfile_open@LibRaw_file_datastream@@UEAAHPEB_W@Z 0000000180006f70 f   libraw:libraw_datastream.obj
 0001:00006090       ?subfile_close@LibRaw_file_datastream@@UEAAXXZ 0000000180007090 f   libraw:libraw_datastream.obj
 0001:000060e0       ??0LibRaw_buffer_datastream@@QEAA@PEAX_K@Z 00000001800070e0 f   libraw:libraw_datastream.obj
 0001:00006120       ??1LibRaw_buffer_datastream@@UEAA@XZ 0000000180007120 f   libraw:libraw_datastream.obj
 0001:00006170       ?read@LibRaw_buffer_datastream@@UEAAHPEAX_K1@Z 0000000180007170 f   libraw:libraw_datastream.obj
 0001:00006220       ?seek@LibRaw_buffer_datastream@@UEAAH_JH@Z 0000000180007220 f   libraw:libraw_datastream.obj
 0001:000062c0       ?tell@LibRaw_buffer_datastream@@UEAA_JXZ 00000001800072c0 f   libraw:libraw_datastream.obj
 0001:000062e0       ?gets@LibRaw_buffer_datastream@@UEAAPEADPEADH@Z 00000001800072e0 f   libraw:libraw_datastream.obj
 0001:00006370       ?scanf_one@LibRaw_buffer_datastream@@UEAAHPEBDPEAX@Z 0000000180007370 f   libraw:libraw_datastream.obj
 0001:00006400       ?eof@LibRaw_buffer_datastream@@UEAAHXZ 0000000180007400 f   libraw:libraw_datastream.obj
 0001:00006430       ??0LibRaw_bigfile_datastream@@QEAA@PEBD@Z 0000000180007430 f   libraw:libraw_datastream.obj
 0001:000065a0       ??0LibRaw_bigfile_datastream@@QEAA@PEB_W@Z 00000001800075a0 f   libraw:libraw_datastream.obj
 0001:00006710       ??1LibRaw_bigfile_datastream@@UEAA@XZ 0000000180007710 f   libraw:libraw_datastream.obj
 0001:00006830       ?read@LibRaw_bigfile_datastream@@UEAAHPEAX_K1@Z 0000000180007830 f   libraw:libraw_datastream.obj
 0001:00006890       ?eof@LibRaw_bigfile_datastream@@UEAAHXZ 0000000180007890 f   libraw:libraw_datastream.obj
 0001:000068e0       ?seek@LibRaw_bigfile_datastream@@UEAAH_JH@Z 00000001800078e0 f   libraw:libraw_datastream.obj
 0001:00006930       ?tell@LibRaw_bigfile_datastream@@UEAA_JXZ 0000000180007930 f   libraw:libraw_datastream.obj
 0001:00006980       ?gets@LibRaw_bigfile_datastream@@UEAAPEADPEADH@Z 0000000180007980 f   libraw:libraw_datastream.obj
 0001:000069e0       ?scanf_one@LibRaw_bigfile_datastream@@UEAAHPEBDPEAX@Z 00000001800079e0 f   libraw:libraw_datastream.obj
 0001:00006a30       ?subfile_open@LibRaw_bigfile_datastream@@UEAAHPEBD@Z 0000000180007a30 f   libraw:libraw_datastream.obj
 0001:00006aa0       ?subfile_open@LibRaw_bigfile_datastream@@UEAAHPEB_W@Z 0000000180007aa0 f   libraw:libraw_datastream.obj
 0001:00006b10       ?subfile_close@LibRaw_bigfile_datastream@@UEAAXXZ 0000000180007b10 f   libraw:libraw_datastream.obj
 0001:00006b40       ??0LibRaw_windows_datastream@@QEAA@PEBD@Z 0000000180007b40 f   libraw:libraw_datastream.obj
 0001:00006c80       ??0LibRaw_windows_datastream@@QEAA@PEAX@Z 0000000180007c80 f   libraw:libraw_datastream.obj
 0001:00006d40       ??1LibRaw_windows_datastream@@UEAA@XZ 0000000180007d40 f   libraw:libraw_datastream.obj
 0001:00006dc0       ?Open@LibRaw_windows_datastream@@IEAAXPEAX@Z 0000000180007dc0 f   libraw:libraw_datastream.obj
 0001:00006eb0       ??1?$auto_ptr@V?$basic_filebuf@DU?$char_traits@D@std@@@std@@@std@@QEAA@XZ 0000000180007eb0 f i libraw:libraw_datastream.obj
 0001:00006ed0       ?strchr@@YAPEADQEADH@Z     0000000180007ed0 f i libraw:libraw_cxx.obj
 0001:00006ee0       __local_stdio_printf_options 0000000180007ee0 f i libraw:libraw_cxx.obj
 0001:00006ef0       fprintf                    0000000180007ef0 f i libraw:libraw_cxx.obj
 0001:00006f40       _snprintf                  0000000180007f40 f i libraw:libraw_cxx.obj
 0001:00006fa0       ?init_fuji_compr@LibRaw@@IEAAXPEAUfuji_compressed_params@@@Z 0000000180007fa0 f   libraw:libraw_cxx.obj
 0001:00007250       ?init_fuji_block@LibRaw@@IEAAXPEAUfuji_compressed_block@@PEBUfuji_compressed_params@@_JI@Z 0000000180008250 f   libraw:libraw_cxx.obj
 0001:000074e0       ?copy_line_to_xtrans@LibRaw@@IEAAXPEAUfuji_compressed_block@@HHH@Z 00000001800084e0 f   libraw:libraw_cxx.obj
 0001:00007700       ?copy_line_to_bayer@LibRaw@@IEAAXPEAUfuji_compressed_block@@HHH@Z 0000000180008700 f   libraw:libraw_cxx.obj
 0001:00008070       ?xtrans_decode_block@LibRaw@@IEAAXPEAUfuji_compressed_block@@PEBUfuji_compressed_params@@H@Z 0000000180009070 f   libraw:libraw_cxx.obj
 0001:000089c0       ?fuji_bayer_decode_block@LibRaw@@IEAAXPEAUfuji_compressed_block@@PEBUfuji_compressed_params@@H@Z 00000001800099c0 f   libraw:libraw_cxx.obj
 0001:000092c0       ?fuji_decode_strip@LibRaw@@IEAAXPEBUfuji_compressed_params@@H_JI@Z 000000018000a2c0 f   libraw:libraw_cxx.obj
 0001:000095b0       ?fuji_compressed_load_raw@LibRaw@@IEAAXXZ 000000018000a5b0 f   libraw:libraw_cxx.obj
 0001:00009850       ?fuji_decode_loop@LibRaw@@MEAAXPEBUfuji_compressed_params@@HPEA_JPEAI@Z 000000018000a850 f   libraw:libraw_cxx.obj
 0001:000098c0       ?parse_fuji_compressed_header@LibRaw@@IEAAXXZ 000000018000a8c0 f   libraw:libraw_cxx.obj
 0001:00009af0       default_memory_callback    000000018000aaf0 f   libraw:libraw_cxx.obj
 0001:00009b40       default_data_callback      000000018000ab40 f   libraw:libraw_cxx.obj
 0001:00009bc0       libraw_strerror            000000018000abc0 f   libraw:libraw_cxx.obj
 0001:00009cd0       ?version@LibRaw@@SAPEBDXZ  000000018000acd0 f   libraw:libraw_cxx.obj
 0001:00009ce0       ?versionNumber@LibRaw@@SAHXZ 000000018000ace0 f   libraw:libraw_cxx.obj
 0001:00009cf0       ?strerror@LibRaw@@SAPEBDH@Z 000000018000acf0 f   libraw:libraw_cxx.obj
 0001:00009d00       ?parse_custom_cameras@LibRaw@@IEAAIIQEAUlibraw_custom_camera_t@@PEAPEAD@Z 000000018000ad00 f   libraw:libraw_cxx.obj
 0001:0000a000       ?derror@LibRaw@@IEAAXXZ    000000018000b000 f   libraw:libraw_cxx.obj
 0001:0000a0d0       ?dcraw_clear_mem@LibRaw@@SAXPEAUlibraw_processed_image_t@@@Z 000000018000b0d0 f   libraw:libraw_cxx.obj
 0001:0000a0e0       ?is_sraw@LibRaw@@QEAAHXZ   000000018000b0e0 f   libraw:libraw_cxx.obj
 0001:0000a110       ?is_coolscan_nef@LibRaw@@QEAAHXZ 000000018000b110 f   libraw:libraw_cxx.obj
 0001:0000a130       ?is_jpeg_thumb@LibRaw@@QEAAHXZ 000000018000b130 f   libraw:libraw_cxx.obj
 0001:0000a160       ?is_nikon_sraw@LibRaw@@QEAAHXZ 000000018000b160 f   libraw:libraw_cxx.obj
 0001:0000a180       ?sraw_midpoint@LibRaw@@QEAAHXZ 000000018000b180 f   libraw:libraw_cxx.obj
 0001:0000a1b0       ??0LibRaw@@QEAA@I@Z        000000018000b1b0 f   libraw:libraw_cxx.obj
 0001:0000a530       ??1LibRaw@@UEAA@XZ         000000018000b530 f   libraw:libraw_cxx.obj
 0001:0000a580       ?malloc@LibRaw@@IEAAPEAX_K@Z 000000018000b580 f   libraw:libraw_cxx.obj
 0001:0000a5c0       ?realloc@LibRaw@@IEAAPEAXPEAX_K@Z 000000018000b5c0 f   libraw:libraw_cxx.obj
 0001:0000a600       ?calloc@LibRaw@@IEAAPEAX_K0@Z 000000018000b600 f   libraw:libraw_cxx.obj
 0001:0000a640       ?free@LibRaw@@IEAAXPEAX@Z  000000018000b640 f   libraw:libraw_cxx.obj
 0001:0000a690       ?recycle_datastream@LibRaw@@QEAAXXZ 000000018000b690 f   libraw:libraw_cxx.obj
 0001:0000a6e0       ?recycle@LibRaw@@QEAAXXZ   000000018000b6e0 f   libraw:libraw_cxx.obj
 0001:0000acc0       ?unpack_function_name@LibRaw@@QEAAPEBDXZ 000000018000bcc0 f   libraw:libraw_cxx.obj
 0001:0000ace0       ?get_decoder_info@LibRaw@@UEAAHPEAUlibraw_decoder_info_t@@@Z 000000018000bce0 f   libraw:libraw_cxx.obj
 0001:0000b3c0       ?adjust_maximum@LibRaw@@QEAAHXZ 000000018000c3c0 f   libraw:libraw_cxx.obj
 0001:0000b430       ?merror@LibRaw@@IEAAXPEAXPEBD@Z 000000018000c430 f   libraw:libraw_cxx.obj
 0001:0000b4a0       ?open_file@LibRaw@@QEAAHPEBD_J@Z 000000018000c4a0 f   libraw:libraw_cxx.obj
 0001:0000b5c0       ?open_file@LibRaw@@QEAAHPEB_W_J@Z 000000018000c5c0 f   libraw:libraw_cxx.obj
 0001:0000b6e0       ?open_buffer@LibRaw@@QEAAHPEAX_K@Z 000000018000c6e0 f   libraw:libraw_cxx.obj
 0001:0000b7d0       ?open_bayer@LibRaw@@UEAAHPEAEIGGGGGGEEIII@Z 000000018000c7d0 f   libraw:libraw_cxx.obj
 0001:0000bb10       ?deflate_dng_load_raw@LibRaw@@IEAAXXZ 000000018000cb10 f   libraw:libraw_cxx.obj
 0001:0000bb30       ?is_floating_point@LibRaw@@QEAAHXZ 000000018000cb30 f   libraw:libraw_cxx.obj
 0001:0000bb90       ?have_fpdata@LibRaw@@QEAAHXZ 000000018000cb90 f   libraw:libraw_cxx.obj
 0001:0000bbc0       ?convertFloatToInt@LibRaw@@QEAAXMMM@Z 000000018000cbc0 f   libraw:libraw_cxx.obj
 0001:0000be70       ?sony_arq_load_raw@LibRaw@@IEAAXXZ 000000018000ce70 f   libraw:libraw_cxx.obj
 0001:0000bfd0       ?pentax_4shot_load_raw@LibRaw@@IEAAXXZ 000000018000cfd0 f   libraw:libraw_cxx.obj
 0001:0000c3d0       ?hasselblad_full_load_raw@LibRaw@@IEAAXXZ 000000018000d3d0 f   libraw:libraw_cxx.obj
 0001:0000c810       ?fuji_14bit_load_raw@LibRaw@@IEAAXXZ 000000018000d810 f   libraw:libraw_cxx.obj
 0001:0000cb00       ?nikon_load_striped_packed_raw@LibRaw@@IEAAXXZ 000000018000db00 f   libraw:libraw_cxx.obj
 0001:0000cd90       ?open_datastream@LibRaw@@UEAAHPEAVLibRaw_abstract_datastream@@@Z 000000018000dd90 f   libraw:libraw_cxx.obj
 0001:0000e010       ?clearCancelFlag@LibRaw@@UEAAXXZ 000000018000f010 f   libraw:libraw_cxx.obj
 0001:0000e020       ?setCancelFlag@LibRaw@@UEAAXXZ 000000018000f020 f   libraw:libraw_cxx.obj
 0001:0000e030       ?checkCancel@LibRaw@@IEAAXXZ 000000018000f030 f   libraw:libraw_cxx.obj
 0001:0000e060       ?try_rawspeed@LibRaw@@IEAAHXZ 000000018000f060 f   libraw:libraw_cxx.obj
 0001:0000e070       ?is_curve_linear@LibRaw@@IEAAHXZ 000000018000f070 f   libraw:libraw_cxx.obj
 0001:0000e0b0       ?unpack@LibRaw@@QEAAHXZ    000000018000f0b0 f   libraw:libraw_cxx.obj
 0001:0000e7f0       ?unpacked_load_raw_fuji_f700s20@LibRaw@@IEAAXXZ 000000018000f7f0 f   libraw:libraw_cxx.obj
 0001:0000e9a0       ?nikon_load_sraw@LibRaw@@IEAAXXZ 000000018000f9a0 f   libraw:libraw_cxx.obj
 0001:0000ef80       ?free_image@LibRaw@@QEAAXXZ 000000018000ff80 f   libraw:libraw_cxx.obj
 0001:0000efe0       ?raw2image_start@LibRaw@@QEAAXXZ 000000018000ffe0 f   libraw:libraw_cxx.obj
 0001:0000f130       ?is_phaseone_compressed@LibRaw@@MEAAHXZ 0000000180010130 f   libraw:libraw_cxx.obj
 0001:0000f160       ?is_canon_600@LibRaw@@MEAAHXZ 0000000180010160 f   libraw:libraw_cxx.obj
 0001:0000f180       ?raw2image@LibRaw@@QEAAHXZ 0000000180010180 f   libraw:libraw_cxx.obj
 0001:0000f670       ?phase_one_allocate_tempbuffer@LibRaw@@IEAAXXZ 0000000180010670 f   libraw:libraw_cxx.obj
 0001:0000f6c0       ?phase_one_free_tempbuffer@LibRaw@@IEAAXXZ 00000001800106c0 f   libraw:libraw_cxx.obj
 0001:0000f720       ?phase_one_subtract_black@LibRaw@@QEAAHPEAG0@Z 0000000180010720 f   libraw:libraw_cxx.obj
 0001:0000f9d0       ?copy_fuji_uncropped@LibRaw@@MEAAXQEAGPEAG@Z 00000001800109d0 f   libraw:libraw_cxx.obj
 0001:0000fb90       ?copy_bayer@LibRaw@@MEAAXQEAGPEAG@Z 0000000180010b90 f   libraw:libraw_cxx.obj
 0001:0000fcb0       ?raw2image_ex@LibRaw@@QEAAHH@Z 0000000180010cb0 f   libraw:libraw_cxx.obj
 0001:000105e0       ?dcraw_make_mem_thumb@LibRaw@@UEAAPEAUlibraw_processed_image_t@@PEAH@Z 00000001800115e0 f   libraw:libraw_cxx.obj
 0001:00010850       ?get_mem_image_format@LibRaw@@QEBAXPEAH000@Z 0000000180011850 f   libraw:libraw_cxx.obj
 0001:00010890       ?copy_mem_image@LibRaw@@QEAAHPEAXHH@Z 0000000180011890 f   libraw:libraw_cxx.obj
 0001:00010db0       ?dcraw_make_mem_image@LibRaw@@UEAAPEAUlibraw_processed_image_t@@PEAH@Z 0000000180011db0 f   libraw:libraw_cxx.obj
 0001:00010ea0       ?dcraw_ppm_tiff_writer@LibRaw@@QEAAHPEBD@Z 0000000180011ea0 f   libraw:libraw_cxx.obj
 0001:00011010       ?kodak_thumb_loader@LibRaw@@IEAAXXZ 0000000180012010 f   libraw:libraw_cxx.obj
 0001:00011ad0       ?thumbOK@LibRaw@@QEAAH_J@Z 0000000180012ad0 f   libraw:libraw_cxx.obj
 0001:00011c20       ?unpack_thumb@LibRaw@@QEAAHXZ 0000000180012c20 f   libraw:libraw_cxx.obj
 0001:000124b0       ?dcraw_thumb_writer@LibRaw@@QEAAHPEBD@Z 00000001800134b0 f   libraw:libraw_cxx.obj
 0001:00012640       ?adjust_sizes_info_only@LibRaw@@QEAAHXZ 0000000180013640 f   libraw:libraw_cxx.obj
 0001:00012780       ?subtract_black@LibRaw@@QEAAHXZ 0000000180013780 f   libraw:libraw_cxx.obj
 0001:000127a0       ?subtract_black_internal@LibRaw@@QEAAHXZ 00000001800137a0 f   libraw:libraw_cxx.obj
 0001:00012a50       ?exp_bef@LibRaw@@IEAAXMM@Z 0000000180013a50 f   libraw:libraw_cxx.obj
 0001:00012e30       ?convert_to_rgb_loop@LibRaw@@MEAAXQEAY03M@Z 0000000180013e30 f   libraw:libraw_cxx.obj
 0001:00012fe0       ?scale_colors_loop@LibRaw@@MEAAXQEAM@Z 0000000180013fe0 f   libraw:libraw_cxx.obj
 0001:00013650       ?adjust_bl@LibRaw@@IEAAXXZ 0000000180014650 f   libraw:libraw_cxx.obj
 0001:00013b40       ?dcraw_process@LibRaw@@QEAAHXZ 0000000180014b40 f   libraw:libraw_cxx.obj
 0001:00014180       ?cameraList@LibRaw@@SAPEAPEBDXZ 0000000180015180 f   libraw:libraw_cxx.obj
 0001:00014190       ?cameraCount@LibRaw@@SAHXZ 0000000180015190 f   libraw:libraw_cxx.obj
 0001:000141a0       ?strprogress@LibRaw@@SAPEBDW4LibRaw_progress@@@Z 00000001800151a0 f   libraw:libraw_cxx.obj
 0001:00014300       ?x3f_get4@@YAIPEAVLibRaw_abstract_datastream@@@Z 0000000180015300 f   libraw:libraw_cxx.obj
 0001:00014450       ?x3f_new_from_file@@YAPEAUx3f_s@@PEAVLibRaw_abstract_datastream@@@Z 0000000180015450 f   libraw:libraw_cxx.obj
 0001:000149a0       ?x3f_delete@@YA?AW4x3f_return_e@@PEAUx3f_s@@@Z 00000001800159a0 f   libraw:libraw_cxx.obj
 0001:00014c10       ?x3f_get_raw@@YAPEAUx3f_directory_entry_s@@PEAUx3f_s@@@Z 0000000180015c10 f   libraw:libraw_cxx.obj
 0001:00017190       ?x3f_load_data@@YA?AW4x3f_return_e@@PEAUx3f_s@@PEAUx3f_directory_entry_s@@@Z 0000000180018190 f   libraw:libraw_cxx.obj
 0001:00017320       ?parse_x3f@LibRaw@@IEAAXXZ 0000000180018320 f   libraw:libraw_cxx.obj
 0001:00017cc0       ?x3f_thumb_size@LibRaw@@IEAA_JXZ 0000000180018cc0 f   libraw:libraw_cxx.obj
 0001:00017de0       ?x3f_thumb_loader@LibRaw@@IEAAXXZ 0000000180018de0 f   libraw:libraw_cxx.obj
 0001:00017fe0       ?x3f_dpq_interpolate_rg@LibRaw@@IEAAXXZ 0000000180018fe0 f   libraw:libraw_cxx.obj
 0001:000180b0       ?x3f_dpq_interpolate_af@LibRaw@@IEAAXHHH@Z 00000001800190b0 f   libraw:libraw_cxx.obj
 0001:000185c0       ?x3f_dpq_interpolate_af_sd@LibRaw@@IEAAXHHHHHHH@Z 00000001800195c0 f   libraw:libraw_cxx.obj
 0001:00018950       ?x3f_load_raw@LibRaw@@IEAAXXZ 0000000180019950 f   libraw:libraw_cxx.obj
 0001:00018ed0       sprintf                    0000000180019ed0 f i libraw:dcraw_common.obj
 0001:00018f30       sscanf                     0000000180019f30 f i libraw:dcraw_common.obj
 0001:00018f90       ?strstr@@YAPEADQEADQEBD@Z  0000000180019f90 f i libraw:dcraw_common.obj
 0001:00018fa0       ?fcol@LibRaw@@QEAAHHH@Z    0000000180019fa0 f   libraw:dcraw_common.obj
 0001:000190d0       ?my_strcasestr@@YAPEADPEADPEBD@Z 000000018001a0d0 f   libraw:dcraw_common.obj
 0001:00019140       ?sget2@LibRaw@@IEAAGPEAE@Z 000000018001a140 f   libraw:dcraw_common.obj
 0001:00019210       ?sget2Rev@LibRaw@@IEAAGPEAE@Z 000000018001a210 f   libraw:dcraw_common.obj
 0001:00019240       ?get2@LibRaw@@IEAAGXZ      000000018001a240 f   libraw:dcraw_common.obj
 0001:000192b0       ?sget4@LibRaw@@IEAAIPEAE@Z 000000018001a2b0 f   libraw:dcraw_common.obj
 0001:00019300       ?get4@LibRaw@@IEAAIXZ      000000018001a300 f   libraw:dcraw_common.obj
 0001:00019390       ?getint@LibRaw@@IEAAIH@Z   000000018001a390 f   libraw:dcraw_common.obj
 0001:000193b0       ?int_to_float@LibRaw@@IEAAMH@Z 000000018001a3b0 f   libraw:dcraw_common.obj
 0001:000193c0       ?getreal@LibRaw@@IEAANH@Z  000000018001a3c0 f   libraw:dcraw_common.obj
 0001:000195a0       ?read_shorts@LibRaw@@IEAAXPEAGI@Z 000000018001a5a0 f   libraw:dcraw_common.obj
 0001:00019630       ?cubic_spline@LibRaw@@IEAAXPEBH0H@Z 000000018001a630 f   libraw:dcraw_common.obj
 0001:0001a690       ?canon_600_fixed_wb@LibRaw@@IEAAXH@Z 000000018001b690 f   libraw:dcraw_common.obj
 0001:0001a820       ?canon_600_color@LibRaw@@IEAAHQEAHH@Z 000000018001b820 f   libraw:dcraw_common.obj
 0001:0001a950       ?canon_600_auto_wb@LibRaw@@IEAAXXZ 000000018001b950 f   libraw:dcraw_common.obj
 0001:0001af40       ?canon_600_coeff@LibRaw@@IEAAXXZ 000000018001bf40 f   libraw:dcraw_common.obj
 0001:0001b0f0       ?canon_600_load_raw@LibRaw@@IEAAXXZ 000000018001c0f0 f   libraw:dcraw_common.obj
 0001:0001b2f0       ?canon_600_correct@LibRaw@@IEAAXXZ 000000018001c2f0 f   libraw:dcraw_common.obj
 0001:0001b450       ?canon_s2is@LibRaw@@IEAAHXZ 000000018001c450 f   libraw:dcraw_common.obj
 0001:0001b4c0       ?getbithuff@LibRaw@@IEAAIHPEAG@Z 000000018001c4c0 f   libraw:dcraw_common.obj
 0001:0001b630       ?make_decoder_ref@LibRaw@@IEAAPEAGPEAPEBE@Z 000000018001c630 f   libraw:dcraw_common.obj
 0001:0001b760       ?make_decoder@LibRaw@@IEAAPEAGPEBE@Z 000000018001c760 f   libraw:dcraw_common.obj
 0001:0001b780       ?crw_init_tables@LibRaw@@IEAAXIQEAPEAG@Z 000000018001c780 f   libraw:dcraw_common.obj
 0001:0001b800       ?canon_has_lowbits@LibRaw@@IEAAHXZ 000000018001c800 f   libraw:dcraw_common.obj
 0001:0001b8b0       ?canon_load_raw@LibRaw@@IEAAXXZ 000000018001c8b0 f   libraw:dcraw_common.obj
 0001:0001bcc0       ?ljpeg_start@LibRaw@@IEAAHPEAUjhead@@H@Z 000000018001ccc0 f   libraw:dcraw_common.obj
 0001:0001c120       ?ljpeg_end@LibRaw@@IEAAXPEAUjhead@@@Z 000000018001d120 f   libraw:dcraw_common.obj
 0001:0001c1f0       ?ljpeg_diff@LibRaw@@IEAAHPEAG@Z 000000018001d1f0 f   libraw:dcraw_common.obj
 0001:0001c290       ?ljpeg_row@LibRaw@@IEAAPEAGHPEAUjhead@@@Z 000000018001d290 f   libraw:dcraw_common.obj
 0001:0001c660       ?lossless_jpeg_load_raw@LibRaw@@IEAAXXZ 000000018001d660 f   libraw:dcraw_common.obj
 0001:0001c8e0       ?canon_sraw_load_raw@LibRaw@@IEAAXXZ 000000018001d8e0 f   libraw:dcraw_common.obj
 0001:0001d120       ?adobe_copy_pixel@LibRaw@@IEAAXIIPEAPEAG@Z 000000018001e120 f   libraw:dcraw_common.obj
 0001:0001d240       ?ljpeg_idct@LibRaw@@IEAAXPEAUjhead@@@Z 000000018001e240 f   libraw:dcraw_common.obj
 0001:0001d9a0       ?lossless_dng_load_raw@LibRaw@@IEAAXXZ 000000018001e9a0 f   libraw:dcraw_common.obj
 0001:0001dde0       ?packed_dng_load_raw@LibRaw@@IEAAXXZ 000000018001ede0 f   libraw:dcraw_common.obj
 0001:0001df40       ?pentax_load_raw@LibRaw@@IEAAXXZ 000000018001ef40 f   libraw:dcraw_common.obj
 0001:0001e280       ?nikon_coolscan_load_raw@LibRaw@@IEAAXXZ 000000018001f280 f   libraw:dcraw_common.obj
 0001:0001e4f0       ?nikon_load_raw@LibRaw@@IEAAXXZ 000000018001f4f0 f   libraw:dcraw_common.obj
 0001:0001ea40       ?nikon_yuv_load_raw@LibRaw@@IEAAXXZ 000000018001fa40 f   libraw:dcraw_common.obj
 0001:0001ee10       ?nikon_e995@LibRaw@@IEAAHXZ 000000018001fe10 f   libraw:dcraw_common.obj
 0001:0001eee0       ?nikon_e2100@LibRaw@@IEAAHXZ 000000018001fee0 f   libraw:dcraw_common.obj
 0001:0001efa0       ?nikon_3700@LibRaw@@IEAAXXZ 000000018001ffa0 f   libraw:dcraw_common.obj
 0001:0001f190       ?minolta_z2@LibRaw@@IEAAHXZ 0000000180020190 f   libraw:dcraw_common.obj
 0001:0001f240       ?ppm_thumb@LibRaw@@IEAAXXZ 0000000180020240 f   libraw:dcraw_common.obj
 0001:0001f350       ?ppm16_thumb@LibRaw@@IEAAXXZ 0000000180020350 f   libraw:dcraw_common.obj
 0001:0001f480       ?layer_thumb@LibRaw@@IEAAXXZ 0000000180020480 f   libraw:dcraw_common.obj
 0001:0001f640       ?rollei_thumb@LibRaw@@IEAAXXZ 0000000180020640 f   libraw:dcraw_common.obj
 0001:0001f790       ?rollei_load_raw@LibRaw@@IEAAXXZ 0000000180020790 f   libraw:dcraw_common.obj
 0001:0001f9b0       ?raw@LibRaw@@IEAAHII@Z     00000001800209b0 f   libraw:dcraw_common.obj
 0001:0001f9e0       ?phase_one_flat_field@LibRaw@@IEAAXHH@Z 00000001800209e0 f   libraw:dcraw_common.obj
 0001:0001ff30       ?phase_one_correct@LibRaw@@QEAAHXZ 0000000180020f30 f   libraw:dcraw_common.obj
 0001:000211e0       ?phase_one_load_raw@LibRaw@@IEAAXXZ 00000001800221e0 f   libraw:dcraw_common.obj
 0001:00021410       ?ph1_bithuff@LibRaw@@IEAAIHPEAG@Z 0000000180022410 f   libraw:dcraw_common.obj
 0001:00021500       ?phase_one_load_raw_c@LibRaw@@IEAAXXZ 0000000180022500 f   libraw:dcraw_common.obj
 0001:000219f0       ?hasselblad_load_raw@LibRaw@@IEAAXXZ 00000001800229f0 f   libraw:dcraw_common.obj
 0001:00021ed0       ?leaf_hdr_load_raw@LibRaw@@IEAAXXZ 0000000180022ed0 f   libraw:dcraw_common.obj
 0001:00022120       ?unpacked_load_raw@LibRaw@@IEAAXXZ 0000000180023120 f   libraw:dcraw_common.obj
 0001:00022280       ?unpacked_load_raw_reversed@LibRaw@@IEAAXXZ 0000000180023280 f   libraw:dcraw_common.obj
 0001:00022420       ?sinar_4shot_load_raw@LibRaw@@IEAAXXZ 0000000180023420 f   libraw:dcraw_common.obj
 0001:00022690       ?imacon_full_load_raw@LibRaw@@IEAAXXZ 0000000180023690 f   libraw:dcraw_common.obj
 0001:00022820       ?packed_load_raw@LibRaw@@IEAAXXZ 0000000180023820 f   libraw:dcraw_common.obj
 0001:00022b50       ?parse_broadcom@LibRaw@@IEAAXXZ 0000000180023b50 f   libraw:dcraw_common.obj
 0001:00022c40       ?broadcom_load_raw@LibRaw@@IEAAXXZ 0000000180023c40 f   libraw:dcraw_common.obj
 0001:00022e90       ?nokia_load_raw@LibRaw@@IEAAXXZ 0000000180023e90 f   libraw:dcraw_common.obj
 0001:00023170       ?android_tight_load_raw@LibRaw@@IEAAXXZ 0000000180024170 f   libraw:dcraw_common.obj
 0001:00023360       ?android_loose_load_raw@LibRaw@@IEAAXXZ 0000000180024360 f   libraw:dcraw_common.obj
 0001:000235d0       ?canon_rmf_load_raw@LibRaw@@IEAAXXZ 00000001800245d0 f   libraw:dcraw_common.obj
 0001:00023850       ?pana_data@LibRaw@@IEAAIHPEAI@Z 0000000180024850 f   libraw:dcraw_common.obj
 0001:00023cf0       ?panasonic_load_raw@LibRaw@@IEAAXXZ 0000000180024cf0 f   libraw:dcraw_common.obj
 0001:00024250       ?olympus_load_raw@LibRaw@@IEAAXXZ 0000000180025250 f   libraw:dcraw_common.obj
 0001:000247c0       ?minolta_rd175_load_raw@LibRaw@@IEAAXXZ 00000001800257c0 f   libraw:dcraw_common.obj
 0001:000249f0       ?quicktake_100_load_raw@LibRaw@@IEAAXXZ 00000001800259f0 f   libraw:dcraw_common.obj
 0001:00025190       ?kodak_radc_load_raw@LibRaw@@IEAAXXZ 0000000180026190 f   libraw:dcraw_common.obj
 0001:00025ec0       ?kodak_dc120_load_raw@LibRaw@@IEAAXXZ 0000000180026ec0 f   libraw:dcraw_common.obj
 0001:00026020       ?eight_bit_load_raw@LibRaw@@IEAAXXZ 0000000180027020 f   libraw:dcraw_common.obj
 0001:00026160       ?kodak_c330_load_raw@LibRaw@@IEAAXXZ 0000000180027160 f   libraw:dcraw_common.obj
 0001:000263b0       ?kodak_c603_load_raw@LibRaw@@IEAAXXZ 00000001800273b0 f   libraw:dcraw_common.obj
 0001:000265e0       ?kodak_262_load_raw@LibRaw@@IEAAXXZ 00000001800275e0 f   libraw:dcraw_common.obj
 0001:00026960       ?kodak_65000_decode@LibRaw@@IEAAHPEAFH@Z 0000000180027960 f   libraw:dcraw_common.obj
 0001:00026c50       ?kodak_65000_load_raw@LibRaw@@IEAAXXZ 0000000180027c50 f   libraw:dcraw_common.obj
 0001:00026e10       ?kodak_ycbcr_load_raw@LibRaw@@IEAAXXZ 0000000180027e10 f   libraw:dcraw_common.obj
 0001:00027190       ?kodak_rgb_load_raw@LibRaw@@IEAAXXZ 0000000180028190 f   libraw:dcraw_common.obj
 0001:000273b0       ?kodak_thumb_load_raw@LibRaw@@IEAAXXZ 00000001800283b0 f   libraw:dcraw_common.obj
 0001:00027520       ?sony_decrypt@LibRaw@@IEAAXPEAIHHH@Z 0000000180028520 f   libraw:dcraw_common.obj
 0001:00027700       ?sony_load_raw@LibRaw@@IEAAXXZ 0000000180028700 f   libraw:dcraw_common.obj
 0001:00027930       ?sony_arw_load_raw@LibRaw@@IEAAXXZ 0000000180028930 f   libraw:dcraw_common.obj
 0001:00027b50       ?sony_arw2_load_raw@LibRaw@@IEAAXXZ 0000000180028b50 f   libraw:dcraw_common.obj
 0001:00028130       ?samsung_load_raw@LibRaw@@IEAAXXZ 0000000180029130 f   libraw:dcraw_common.obj
 0001:00028700       ?samsung2_load_raw@LibRaw@@IEAAXXZ 0000000180029700 f   libraw:dcraw_common.obj
 0001:00028950       ?samsung3_load_raw@LibRaw@@IEAAXXZ 0000000180029950 f   libraw:dcraw_common.obj
 0001:00029140       ?smal_decode_segment@LibRaw@@IEAAXQEAY01IH@Z 000000018002a140 f   libraw:dcraw_common.obj
 0001:00029670       ?smal_v6_load_raw@LibRaw@@IEAAXXZ 000000018002a670 f   libraw:dcraw_common.obj
 0001:000296e0       ?median4@LibRaw@@IEAAHPEAH@Z 000000018002a6e0 f   libraw:dcraw_common.obj
 0001:00029730       ?fill_holes@LibRaw@@IEAAXH@Z 000000018002a730 f   libraw:dcraw_common.obj
 0001:00029960       ?smal_v9_load_raw@LibRaw@@IEAAXXZ 000000018002a960 f   libraw:dcraw_common.obj
 0001:00029ac0       ?crop_masked_pixels@LibRaw@@IEAAXXZ 000000018002aac0 f   libraw:dcraw_common.obj
 0001:0002a020       ?remove_zeroes@LibRaw@@IEAAXXZ 000000018002b020 f   libraw:dcraw_common.obj
 0001:0002a2d0       ?gamma_curve@LibRaw@@IEAAXNNHH@Z 000000018002b2d0 f   libraw:dcraw_common.obj
 0001:0002ad70       ?pseudoinverse@LibRaw@@IEAAXPEAY02N0H@Z 000000018002bd70 f   libraw:dcraw_common.obj
 0001:0002b0d0       ?cam_xyz_coeff@LibRaw@@IEAAXQEAY03MQEAY02N@Z 000000018002c0d0 f   libraw:dcraw_common.obj
 0001:0002b360       ?hat_transform@LibRaw@@IEAAXPEAM0HHH@Z 000000018002c360 f   libraw:dcraw_common.obj
 0001:0002b8d0       ?wavelet_denoise@LibRaw@@IEAAXXZ 000000018002c8d0 f   libraw:dcraw_common.obj
 0001:0002c610       ?green_matching@LibRaw@@IEAAXXZ 000000018002d610 f   libraw:dcraw_common.obj
 0001:0002ca40       ?scale_colors@LibRaw@@IEAAXXZ 000000018002da40 f   libraw:dcraw_common.obj
 0001:0002d810       ?pre_interpolate@LibRaw@@IEAAXXZ 000000018002e810 f   libraw:dcraw_common.obj
 0001:0002dc10       ?border_interpolate@LibRaw@@IEAAXH@Z 000000018002ec10 f   libraw:dcraw_common.obj
 0001:0002dde0       ?lin_interpolate_loop@LibRaw@@MEAAXQEAY1BA@CA@HH@Z 000000018002ede0 f   libraw:dcraw_common.obj
 0001:0002df30       ?lin_interpolate@LibRaw@@IEAAXXZ 000000018002ef30 f   libraw:dcraw_common.obj
 0001:0002e290       ?vng_interpolate@LibRaw@@IEAAXXZ 000000018002f290 f   libraw:dcraw_common.obj
 0001:0002ee60       ?ppg_interpolate@LibRaw@@IEAAXXZ 000000018002fe60 f   libraw:dcraw_common.obj
 0001:0002f5e0       ?cielab@LibRaw@@IEAAXQEAGQEAF@Z 00000001800305e0 f   libraw:dcraw_common.obj
 0001:0002f950       ?xtrans_interpolate@LibRaw@@IEAAXH@Z 0000000180030950 f   libraw:dcraw_common.obj
 0001:00031ee0       ?ahd_interpolate_green_h_and_v@LibRaw@@IEAAXHHPEAY2CAA@CAA@2G@Z 0000000180032ee0 f   libraw:dcraw_common.obj
 0001:00032120       ?ahd_interpolate_r_and_b_in_rgb_and_convert_to_cielab@LibRaw@@IEAAXHHPEAY1CAA@2GPEAY1CAA@2F@Z 0000000180033120 f   libraw:dcraw_common.obj
 0001:00032420       ?ahd_interpolate_r_and_b_and_convert_to_cielab@LibRaw@@IEAAXHHPEAY2CAA@CAA@2GPEAY2CAA@CAA@2F@Z 0000000180033420 f   libraw:dcraw_common.obj
 0001:000324a0       ?ahd_interpolate_build_homogeneity_map@LibRaw@@IEAAXHHPEAY2CAA@CAA@2FPEAY1CAA@1D@Z 00000001800334a0 f   libraw:dcraw_common.obj
 0001:000327a0       ?ahd_interpolate_combine_homogeneous_pixels@LibRaw@@IEAAXHHPEAY2CAA@CAA@2GPEAY1CAA@1D@Z 00000001800337a0 f   libraw:dcraw_common.obj
 0001:00032aa0       ?ahd_interpolate@LibRaw@@IEAAXXZ 0000000180033aa0 f   libraw:dcraw_common.obj
 0001:00032cc0       ?median_filter@LibRaw@@IEAAXXZ 0000000180033cc0 f   libraw:dcraw_common.obj
 0001:00032f80       ?blend_highlights@LibRaw@@IEAAXXZ 0000000180033f80 f   libraw:dcraw_common.obj
 0001:000335b0       ?recover_highlights@LibRaw@@IEAAXXZ 00000001800345b0 f   libraw:dcraw_common.obj
 0001:00034140       ?tiff_get@LibRaw@@IEAAXIPEAI000@Z 0000000180035140 f   libraw:dcraw_common.obj
 0001:00034250       ?parse_thumb_note@LibRaw@@IEAAXHII@Z 0000000180035250 f   libraw:dcraw_common.obj
 0001:000344c0       ?setCanonBodyFeatures@LibRaw@@IEAAII@Z 00000001800354c0 f   libraw:dcraw_common.obj
 0001:00034680       ?processCanonCameraInfo@LibRaw@@IEAAXIPEAEII@Z 0000000180035680 f   libraw:dcraw_common.obj
 0001:000350a0       ?Canon_CameraSettings@LibRaw@@IEAAXXZ 00000001800360a0 f   libraw:dcraw_common.obj
 0001:000352d0       ?Canon_WBpresets@LibRaw@@IEAAXHH@Z 00000001800362d0 f   libraw:dcraw_common.obj
 0001:00035620       ?Canon_WBCTpresets@LibRaw@@IEAAXF@Z 0000000180036620 f   libraw:dcraw_common.obj
 0001:00035b70       ?processNikonLensData@LibRaw@@IEAAXPEAEI@Z 0000000180036b70 f   libraw:dcraw_common.obj
 0001:00036070       ?setOlympusBodyFeatures@LibRaw@@IEAAX_K@Z 0000000180037070 f   libraw:dcraw_common.obj
 0001:00036170       ?parseCanonMakernotes@LibRaw@@IEAAXIII@Z 0000000180037170 f   libraw:dcraw_common.obj
 0001:00037670       ?setPentaxBodyFeatures@LibRaw@@IEAAXI@Z 0000000180038670 f   libraw:dcraw_common.obj
 0001:000378f0       ?PentaxISO@LibRaw@@IEAAXG@Z 00000001800388f0 f   libraw:dcraw_common.obj
 0001:00037c50       ?PentaxLensInfo@LibRaw@@IEAAXII@Z 0000000180038c50 f   libraw:dcraw_common.obj
 0001:00038080       ?setPhaseOneFeatures@LibRaw@@IEAAXI@Z 0000000180039080 f   libraw:dcraw_common.obj
 0001:000380e0       ?parseFujiMakernotes@LibRaw@@IEAAXII@Z 00000001800390e0 f   libraw:dcraw_common.obj
 0001:00038490       ?setSonyBodyFeatures@LibRaw@@IEAAXI@Z 0000000180039490 f   libraw:dcraw_common.obj
 0001:00038680       ?parseSonyLensType2@LibRaw@@IEAAXEE@Z 0000000180039680 f   libraw:dcraw_common.obj
 0001:00038850       ?parseSonyLensFeatures@LibRaw@@IEAAXEE@Z 0000000180039850 f   libraw:dcraw_common.obj
 0001:00038d50       ?process_Sony_0x0116@LibRaw@@IEAAXPEAEGI@Z 0000000180039d50 f   libraw:dcraw_common.obj
 0001:00038db0       ?process_Sony_0x2010@LibRaw@@IEAAXPEAEG@Z 0000000180039db0 f   libraw:dcraw_common.obj
 0001:00038ea0       ?process_Sony_0x9050@LibRaw@@IEAAXPEAEGI@Z 0000000180039ea0 f   libraw:dcraw_common.obj
 0001:00039600       ?process_Sony_0x9400@LibRaw@@IEAAXPEAEGI@Z 000000018003a600 f   libraw:dcraw_common.obj
 0001:000399d0       ?process_Sony_0x9402@LibRaw@@IEAAXPEAEG@Z 000000018003a9d0 f   libraw:dcraw_common.obj
 0001:00039a20       ?process_Sony_0x9403@LibRaw@@IEAAXPEAEG@Z 000000018003aa20 f   libraw:dcraw_common.obj
 0001:00039a60       ?process_Sony_0x9406@LibRaw@@IEAAXPEAEG@Z 000000018003aa60 f   libraw:dcraw_common.obj
 0001:00039ab0       ?process_Sony_0x940c@LibRaw@@IEAAXPEAEG@Z 000000018003aab0 f   libraw:dcraw_common.obj
 0001:00039b60       ?process_Sony_0x940e@LibRaw@@IEAAXPEAEGI@Z 000000018003ab60 f   libraw:dcraw_common.obj
 0001:00039bd0       ?parseSonyMakernotes@LibRaw@@IEAAXIIIIAEAPEAEAEAG0101010101010101@Z 000000018003abd0 f   libraw:dcraw_common.obj
 0001:0003b7f0       ?parse_makernote_0xc634@LibRaw@@IEAAXHHI@Z 000000018003c7f0 f   libraw:dcraw_common.obj
 0001:0003e460       ?parse_makernote@LibRaw@@IEAAXHH@Z 000000018003f460 f   libraw:dcraw_common.obj
 0001:00043740       ?get_timestamp@LibRaw@@IEAAXH@Z 0000000180044740 f   libraw:dcraw_common.obj
 0001:00043870       ?parse_exif@LibRaw@@IEAAXH@Z 0000000180044870 f   libraw:dcraw_common.obj
 0001:00044600       ?parse_gps_libraw@LibRaw@@IEAAXH@Z 0000000180045600 f   libraw:dcraw_common.obj
 0001:000448d0       ?parse_gps@LibRaw@@IEAAXH@Z 00000001800458d0 f   libraw:dcraw_common.obj
 0001:00044b20       ?romm_coeff@LibRaw@@IEAAXQEAY02M@Z 0000000180045b20 f   libraw:dcraw_common.obj
 0001:00044bd0       ?parse_mos@LibRaw@@IEAAXH@Z 0000000180045bd0 f   libraw:dcraw_common.obj
 0001:000453e0       ?linear_table@LibRaw@@IEAAXI@Z 00000001800463e0 f   libraw:dcraw_common.obj
 0001:00045490       ?Kodak_WB_0x08tags@LibRaw@@IEAAXHI@Z 0000000180046490 f   libraw:dcraw_common.obj
 0001:00045590       ?parse_kodak_ifd@LibRaw@@IEAAXH@Z 0000000180046590 f   libraw:dcraw_common.obj
 0001:00046f00       ?parse_tiff_ifd@LibRaw@@IEAAHH@Z 0000000180047f00 f   libraw:dcraw_common.obj
 0001:0004c470       ?parse_tiff@LibRaw@@IEAAHH@Z 000000018004d470 f   libraw:dcraw_common.obj
 0001:0004c5a0       ?apply_tiff@LibRaw@@IEAAXXZ 000000018004d5a0 f   libraw:dcraw_common.obj
 0001:0004d290       ?parse_minolta@LibRaw@@IEAAXH@Z 000000018004e290 f   libraw:dcraw_common.obj
 0001:0004d750       ?parse_external_jpeg@LibRaw@@IEAAXXZ 000000018004e750 f   libraw:dcraw_common.obj
 0001:0004db90       ?ciff_block_1030@LibRaw@@IEAAXXZ 000000018004eb90 f   libraw:dcraw_common.obj
 0001:0004dcf0       ?parse_ciff@LibRaw@@IEAAXHHH@Z 000000018004ecf0 f   libraw:dcraw_common.obj
 0001:0004eae0       ?parse_rollei@LibRaw@@IEAAXXZ 000000018004fae0 f   libraw:dcraw_common.obj
 0001:0004ee60       ?parse_sinar_ia@LibRaw@@IEAAXXZ 000000018004fe60 f   libraw:dcraw_common.obj
 0001:0004f0c0       ?parse_phase_one@LibRaw@@IEAAXH@Z 00000001800500c0 f   libraw:dcraw_common.obj
 0001:0004fe00       ?parse_fuji@LibRaw@@IEAAXH@Z 0000000180050e00 f   libraw:dcraw_common.obj
 0001:00050870       ?parse_jpeg@LibRaw@@IEAAHH@Z 0000000180051870 f   libraw:dcraw_common.obj
 0001:00050b70       ?parse_riff@LibRaw@@IEAAXXZ 0000000180051b70 f   libraw:dcraw_common.obj
 0001:00050ec0       ?parse_qt@LibRaw@@IEAAXH@Z 0000000180051ec0 f   libraw:dcraw_common.obj
 0001:00051060       ?parse_smal@LibRaw@@IEAAXHH@Z 0000000180052060 f   libraw:dcraw_common.obj
 0001:00051180       ?parse_cine@LibRaw@@IEAAXXZ 0000000180052180 f   libraw:dcraw_common.obj
 0001:000514d0       ?parse_redcine@LibRaw@@IEAAXXZ 00000001800524d0 f   libraw:dcraw_common.obj
 0001:00051740       ?adobe_coeff@LibRaw@@UEAAXPEBD0H@Z 0000000180052740 f   libraw:dcraw_common.obj
 0001:00051b10       ?simple_coeff@LibRaw@@IEAAXH@Z 0000000180052b10 f   libraw:dcraw_common.obj
 0001:00051c00       ?guess_byte_order@LibRaw@@IEAAFH@Z 0000000180052c00 f   libraw:dcraw_common.obj
 0001:00051d70       ?find_green@LibRaw@@IEAAMHHHH@Z 0000000180052d70 f   libraw:dcraw_common.obj
 0001:00052210       ?initdata@LibRaw@@IEAAXXZ  0000000180053210 f   libraw:dcraw_common.obj
 0001:00052450       ?identify@LibRaw@@IEAAXXZ  0000000180053450 f   libraw:dcraw_common.obj
 0001:00059580       ?convert_to_rgb@LibRaw@@IEAAXXZ 000000018005a580 f   libraw:dcraw_common.obj
 0001:00059c40       ?fuji_rotate@LibRaw@@MEAAXXZ 000000018005ac40 f   libraw:dcraw_common.obj
 0001:0005a010       ?stretch@LibRaw@@IEAAXXZ   000000018005b010 f   libraw:dcraw_common.obj
 0001:0005a4b0       ?flip_index@LibRaw@@IEAAHHH@Z 000000018005b4b0 f   libraw:dcraw_common.obj
 0001:0005a500       ?tiff_set@LibRaw@@IEAAXPEAUtiff_hdr@@PEAGGGHH@Z 000000018005b500 f   libraw:dcraw_common.obj
 0001:0005a610       ?tiff_head@LibRaw@@IEAAXPEAUtiff_hdr@@H@Z 000000018005b610 f   libraw:dcraw_common.obj
 0001:0005b360       ?jpeg_thumb_writer@LibRaw@@IEAAXPEAU_iobuf@@PEADH@Z 000000018005c360 f   libraw:dcraw_common.obj
 0001:0005b470       ?jpeg_thumb@LibRaw@@IEAAXXZ 000000018005c470 f   libraw:dcraw_common.obj
 0001:0005b540       ?write_ppm_tiff@LibRaw@@IEAAXXZ 000000018005c540 f   libraw:dcraw_common.obj
 0001:0005ba80       ?replace@?$basic_string@_WU?$char_traits@_W@std@@V?$allocator@_W@2@@std@@QEAAAEAV12@_K_KQEB_W0@Z 000000018005ca80 f i libraw:dcraw_common.obj
 0001:0005bc60       ?_Xran@?$_String_val@U?$_Simple_types@_W@std@@@std@@SAXXZ 000000018005cc60 f i libraw:dcraw_common.obj
 0001:0005bc80       ??$_Reallocate_grow_by@V<lambda_07b002202a580d07f308bf60d51244b2>@@_K_KPEB_W_K@?$basic_string@_WU?$char_traits@_W@std@@V?$allocator@_W@2@@std@@QEAAAEAV01@_KV<lambda_07b002202a580d07f308bf60d51244b2>@@_K2PEB_W2@Z 000000018005cc80 f i libraw:dcraw_common.obj
 0001:0005be80       ?bad_pixels@LibRaw@@IEAAXPEBD@Z 000000018005ce80 f   libraw:dcraw_fileio.obj
 0001:0005c240       ?subtract@LibRaw@@IEAAXPEBD@Z 000000018005d240 f   libraw:dcraw_fileio.obj
 0001:0005c650       ?get_hv_grb@DHT@@QEAAHHHH@Z 000000018005d650 f i libraw:demosaic_packs.obj
 0001:0005c8c0       ?get_hv_rbg@DHT@@QEAAHHHH@Z 000000018005d8c0 f i libraw:demosaic_packs.obj
 0001:0005cb50       ??0DHT@@QEAA@AEAVLibRaw@@@Z 000000018005db50 f   libraw:demosaic_packs.obj
 0001:0005d0f0       ?hide_hots@DHT@@QEAAXXZ    000000018005e0f0 f   libraw:demosaic_packs.obj
 0001:0005d9b0       ?restore_hots@DHT@@QEAAXXZ 000000018005e9b0 f   libraw:demosaic_packs.obj
 0001:0005db50       ?refine_hv_dirs@DHT@@QEAAXHH@Z 000000018005eb50 f   libraw:demosaic_packs.obj
 0001:0005dd30       ?refine_ihv_dirs@DHT@@QEAAXH@Z 000000018005ed30 f   libraw:demosaic_packs.obj
 0001:0005dec0       ?make_hv_dline@DHT@@QEAAXH@Z 000000018005eec0 f   libraw:demosaic_packs.obj
 0001:0005e060       ?make_diag_dline@DHT@@QEAAXH@Z 000000018005f060 f   libraw:demosaic_packs.obj
 0001:0005e3a0       ?refine_idiag_dirs@DHT@@QEAAXH@Z 000000018005f3a0 f   libraw:demosaic_packs.obj
 0001:0005e590       ?make_gline@DHT@@QEAAXH@Z  000000018005f590 f   libraw:demosaic_packs.obj
 0001:0005ea10       ?make_rbdiag@DHT@@QEAAXH@Z 000000018005fa10 f   libraw:demosaic_packs.obj
 0001:0005ede0       ?make_rbhv@DHT@@QEAAXH@Z   000000018005fde0 f   libraw:demosaic_packs.obj
 0001:0005f270       ?copy_to_image@DHT@@QEAAXXZ 0000000180060270 f   libraw:demosaic_packs.obj
 0001:0005f600       ??1DHT@@QEAA@XZ            0000000180060600 f   libraw:demosaic_packs.obj
 0001:0005f630       ?dht_interpolate@LibRaw@@IEAAXXZ 0000000180060630 f   libraw:demosaic_packs.obj
 0001:0005f7f0       ??0AAHD@@QEAA@AEAVLibRaw@@@Z 00000001800607f0 f   libraw:demosaic_packs.obj
 0001:0005fd40       ?hide_hots@AAHD@@QEAAXXZ   0000000180060d40 f   libraw:demosaic_packs.obj
 0001:00060610       ?evaluate_ahd@AAHD@@QEAAXXZ 0000000180061610 f   libraw:demosaic_packs.obj
 0001:00060f50       ?combine_image@AAHD@@QEAAXXZ 0000000180061f50 f   libraw:demosaic_packs.obj
 0001:000611b0       ?refine_hv_dirs@AAHD@@QEAAXXZ 00000001800621b0 f   libraw:demosaic_packs.obj
 0001:00061380       ?refine_hv_dirs@AAHD@@QEAAXHH@Z 0000000180062380 f   libraw:demosaic_packs.obj
 0001:00061510       ?make_ahd_gline@AAHD@@QEAAXH@Z 0000000180062510 f   libraw:demosaic_packs.obj
 0001:00061820       ?make_ahd_rb_hv@AAHD@@QEAAXH@Z 0000000180062820 f   libraw:demosaic_packs.obj
 0001:00061a70       ?make_ahd_rb_last@AAHD@@QEAAXH@Z 0000000180062a70 f   libraw:demosaic_packs.obj
 0001:00061f50       ??1AAHD@@QEAA@XZ           0000000180062f50 f   libraw:demosaic_packs.obj
 0001:00061f70       ?aahd_interpolate@LibRaw@@IEAAXXZ 0000000180062f70 f   libraw:demosaic_packs.obj
 0001:00062080       ?dcb_ver@LibRaw@@IEAAXPEAY02M@Z 0000000180063080 f   libraw:demosaic_packs.obj
 0001:000621a0       ?dcb_hor@LibRaw@@IEAAXPEAY02M@Z 00000001800631a0 f   libraw:demosaic_packs.obj
 0001:000622b0       ?dcb_color@LibRaw@@IEAAXXZ 00000001800632b0 f   libraw:demosaic_packs.obj
 0001:00062620       ?dcb_color2@LibRaw@@IEAAXPEAY02M@Z 0000000180063620 f   libraw:demosaic_packs.obj
 0001:00062a00       ?dcb_color3@LibRaw@@IEAAXPEAY02M@Z 0000000180063a00 f   libraw:demosaic_packs.obj
 0001:00062dd0       ?dcb_decide@LibRaw@@IEAAXPEAY02M0@Z 0000000180063dd0 f   libraw:demosaic_packs.obj
 0001:00063440       ?dcb_copy_to_buffer@LibRaw@@IEAAXPEAY02M@Z 0000000180064440 f   libraw:demosaic_packs.obj
 0001:000634b0       ?dcb_restore_from_buffer@LibRaw@@IEAAXPEAY02M@Z 00000001800644b0 f   libraw:demosaic_packs.obj
 0001:00063510       ?dcb_pp@LibRaw@@IEAAXXZ    0000000180064510 f   libraw:demosaic_packs.obj
 0001:00063770       ?dcb_nyquist@LibRaw@@IEAAXXZ 0000000180064770 f   libraw:demosaic_packs.obj
 0001:00063990       ?dcb_color_full@LibRaw@@IEAAXXZ 0000000180064990 f   libraw:demosaic_packs.obj
 0001:00065e40       ?dcb_map@LibRaw@@IEAAXXZ   0000000180066e40 f   libraw:demosaic_packs.obj
 0001:00065fe0       ?dcb_correction@LibRaw@@IEAAXXZ 0000000180066fe0 f   libraw:demosaic_packs.obj
 0001:00066260       ?dcb_correction2@LibRaw@@IEAAXXZ 0000000180067260 f   libraw:demosaic_packs.obj
 0001:000665f0       ?dcb_refinement@LibRaw@@IEAAXXZ 00000001800675f0 f   libraw:demosaic_packs.obj
 0001:000677d0       ?rgb_to_lch@LibRaw@@IEAAXPEAY02N@Z 00000001800687d0 f   libraw:demosaic_packs.obj
 0001:000678b0       ?lch_to_rgb@LibRaw@@IEAAXPEAY02N@Z 00000001800688b0 f   libraw:demosaic_packs.obj
 0001:000679e0       ?fbdd_correction@LibRaw@@IEAAXXZ 00000001800689e0 f   libraw:demosaic_packs.obj
 0001:000680c0       ?fbdd_correction2@LibRaw@@IEAAXPEAY02N@Z 00000001800690c0 f   libraw:demosaic_packs.obj
 0001:000683b0       ?fbdd_green@LibRaw@@IEAAXXZ 00000001800693b0 f   libraw:demosaic_packs.obj
 0001:00069600       ?fbdd@LibRaw@@IEAAXH@Z     000000018006a600 f   libraw:demosaic_packs.obj
 0001:00069730       ?dcb@LibRaw@@IEAAXHH@Z     000000018006a730 f   libraw:demosaic_packs.obj
 0001:000699b8       ??1_Fac_tidy_reg_t@std@@QEAA@XZ 000000018006a9b8 f i msvcprt:locale0_implib.obj
 0001:00069a20       ?_Facet_Register@std@@YAXPEAV_Facet_base@1@@Z 000000018006aa20 f   msvcprt:locale0_implib.obj
 0001:00069a58       ?showmanyc@?$basic_streambuf@DU?$char_traits@D@std@@@std@@MEAA_JXZ 000000018006aa58 f   msvcprt:MSVCP140.dll
 0001:00069a5e       ?_Decref@facet@locale@std@@UEAAPEAV_Facet_base@3@XZ 000000018006aa5e f   msvcprt:MSVCP140.dll
 0001:00069a64       ?_Incref@facet@locale@std@@UEAAXXZ 000000018006aa64 f   msvcprt:MSVCP140.dll
 0001:00069a80       __security_check_cookie    000000018006aa80 f   MSVCRT:amdsecgs.obj
 0001:00069aa4       ??_V@YAXPEAX_K@Z           000000018006aaa4 f   MSVCRT:delete_array_size.obj
 0001:00069aac       ??2@YAPEAX_K@Z             000000018006aaac f   MSVCRT:new_scalar.obj
 0001:00069ae8       ??_M@YAXPEAX_K1P6AX0@Z@Z   000000018006aae8 f   MSVCRT:ehvecdtr.obj
 0001:00069b54       ?__ArrayUnwind@@YAXPEAX_K1P6AX0@Z@Z 000000018006ab54 f   MSVCRT:ehvecdtr.obj
 0001:00069bb8       ??_V@YAXPEAX@Z             000000018006abb8 f   MSVCRT:delete_array.obj
 0001:00069bb8       ??3@YAXPEAX_K@Z            000000018006abb8 f   MSVCRT:delete_scalar_size.obj
 0001:00069bc0       ??_Gtype_info@@UEAAPEAXI@Z 000000018006abc0 f i MSVCRT:std_type_info_static.obj
 0001:00069bc0       ??_Etype_info@@UEAAPEAXI@Z 000000018006abc0 f i MSVCRT:std_type_info_static.obj
 0001:00069f1c       _DllMainCRTStartup         000000018006af1c f   MSVCRT:dll_dllmain.obj
 0001:00069f5c       __raise_securityfailure    000000018006af5c f   MSVCRT:gs_report.obj
 0001:00069f90       __report_gsfailure         000000018006af90 f   MSVCRT:gs_report.obj
 0001:0006a064       __report_rangecheckfailure 000000018006b064 f   MSVCRT:gs_report.obj
 0001:0006a078       __report_securityfailure   000000018006b078 f   MSVCRT:gs_report.obj
 0001:0006a1f8       __scrt_acquire_startup_lock 000000018006b1f8 f   MSVCRT:utility.obj
 0001:0006a234       __scrt_dllmain_after_initialize_c 000000018006b234 f   MSVCRT:utility.obj
 0001:0006a268       __scrt_dllmain_before_initialize_c 000000018006b268 f   MSVCRT:utility.obj
 0001:0006a280       __scrt_dllmain_crt_thread_attach 000000018006b280 f   MSVCRT:utility.obj
 0001:0006a2a8       __scrt_dllmain_crt_thread_detach 000000018006b2a8 f   MSVCRT:utility.obj
 0001:0006a2c0       __scrt_dllmain_exception_filter 000000018006b2c0 f   MSVCRT:utility.obj
 0001:0006a320       __scrt_dllmain_uninitialize_c 000000018006b320 f   MSVCRT:utility.obj
 0001:0006a350       __scrt_dllmain_uninitialize_critical 000000018006b350 f   MSVCRT:utility.obj
 0001:0006a364       __scrt_initialize_crt      000000018006b364 f   MSVCRT:utility.obj
 0001:0006a3b0       __scrt_initialize_onexit_tables 000000018006b3b0 f   MSVCRT:utility.obj
 0001:0006a488       __scrt_is_nonwritable_in_current_image 000000018006b488 f   MSVCRT:utility.obj
 0001:0006a524       __scrt_release_startup_lock 000000018006b524 f   MSVCRT:utility.obj
 0001:0006a548       __scrt_uninitialize_crt    000000018006b548 f   MSVCRT:utility.obj
 0001:0006a574       _onexit                    000000018006b574 f   MSVCRT:utility.obj
 0001:0006a5c4       atexit                     000000018006b5c4 f   MSVCRT:utility.obj
 0001:0006a5dc       ??0bad_alloc@std@@QEAA@AEBV01@@Z 000000018006b5dc f i MSVCRT:throw_bad_alloc.obj
 0001:0006a61c       ??0bad_alloc@std@@QEAA@XZ  000000018006b61c f i MSVCRT:throw_bad_alloc.obj
 0001:0006a63c       ??0bad_array_new_length@std@@QEAA@AEBV01@@Z 000000018006b63c f i MSVCRT:throw_bad_alloc.obj
 0001:0006a67c       ??0bad_array_new_length@std@@QEAA@XZ 000000018006b67c f i MSVCRT:throw_bad_alloc.obj
 0001:0006a69c       ??1bad_array_new_length@std@@UEAA@XZ 000000018006b69c f i MSVCRT:throw_bad_alloc.obj
 0001:0006a69c       ??1bad_alloc@std@@UEAA@XZ  000000018006b69c f i MSVCRT:throw_bad_alloc.obj
 0001:0006a6b0       ??_Ebad_alloc@std@@UEAAPEAXI@Z 000000018006b6b0 f i MSVCRT:throw_bad_alloc.obj
 0001:0006a6b0       ??_Ebad_array_new_length@std@@UEAAPEAXI@Z 000000018006b6b0 f i MSVCRT:throw_bad_alloc.obj
 0001:0006a6b0       ??_Gbad_alloc@std@@UEAAPEAXI@Z 000000018006b6b0 f i MSVCRT:throw_bad_alloc.obj
 0001:0006a6b0       ??_Gbad_array_new_length@std@@UEAAPEAXI@Z 000000018006b6b0 f i MSVCRT:throw_bad_alloc.obj
 0001:0006a6f4       ?__scrt_throw_std_bad_alloc@@YAXXZ 000000018006b6f4 f   MSVCRT:throw_bad_alloc.obj
 0001:0006a714       ?__scrt_throw_std_bad_array_new_length@@YAXXZ 000000018006b714 f   MSVCRT:throw_bad_alloc.obj
 0001:0006a734       ??3@YAXPEAX@Z              000000018006b734 f   MSVCRT:delete_scalar.obj
 0001:0006a73c       __security_init_cookie     000000018006b73c f   MSVCRT:gs_support.obj
 0001:0006a7e8       DllMain                    000000018006b7e8 f   MSVCRT:dll_dllmain_stub.obj
 0001:0006a80c       ?__scrt_initialize_type_info@@YAXXZ 000000018006b80c f   MSVCRT:tncleanup.obj
 0001:0006a81c       ?__scrt_uninitialize_type_info@@YAXXZ 000000018006b81c f   MSVCRT:tncleanup.obj
 0001:0006a828       __scrt_initialize_default_local_stdio_options 000000018006b828 f   MSVCRT:default_local_stdio_options.obj
 0001:0006a844       __scrt_get_dyn_tls_init_callback 000000018006b844 f   MSVCRT:dyn_tls_init.obj
 0001:0006a84c       __crt_debugger_hook        000000018006b84c f   MSVCRT:utility_desktop.obj
 0001:0006a854       __scrt_fastfail            000000018006b854 f   MSVCRT:utility_desktop.obj
 0001:0006a9a0       _RTC_Initialize            000000018006b9a0 f   MSVCRT:initsect.obj
 0001:0006a9dc       _RTC_Terminate             000000018006b9dc f   MSVCRT:initsect.obj
 0001:0006aa18       __isa_available_init       000000018006ba18 f   MSVCRT:cpu_disp.obj
 0001:0006abd4       __scrt_is_ucrt_dll_in_use  000000018006bbd4 f   MSVCRT:ucrt_detection.obj
 0001:0006abe0       __CxxFrameHandler3         000000018006bbe0 f   vcruntime:VCRUNTIME140.dll
 0001:0006abe6       __std_exception_destroy    000000018006bbe6 f   vcruntime:VCRUNTIME140.dll
 0001:0006abec       __std_exception_copy       000000018006bbec f   vcruntime:VCRUNTIME140.dll
 0001:0006abf2       _purecall                  000000018006bbf2 f   vcruntime:VCRUNTIME140.dll
 0001:0006abf8       __std_terminate            000000018006bbf8 f   vcruntime:VCRUNTIME140.dll
 0001:0006abfe       __C_specific_handler       000000018006bbfe f   vcruntime:VCRUNTIME140.dll
 0001:0006ac04       _CxxThrowException         000000018006bc04 f   vcruntime:VCRUNTIME140.dll
 0001:0006ac0a       __std_type_info_destroy_list 000000018006bc0a f   vcruntime:VCRUNTIME140.dll
 0001:0006ac10       memset                     000000018006bc10 f   vcruntime:VCRUNTIME140.dll
 0001:0006ac16       free                       000000018006bc16 f   ucrt:api-ms-win-crt-heap-l1-1-0.dll
 0001:0006ac1c       malloc                     000000018006bc1c f   ucrt:api-ms-win-crt-heap-l1-1-0.dll
 0001:0006ac22       _callnewh                  000000018006bc22 f   ucrt:api-ms-win-crt-heap-l1-1-0.dll
 0001:0006ac28       terminate                  000000018006bc28 f   ucrt:api-ms-win-crt-runtime-l1-1-0.dll
 0001:0006ac2e       _initterm                  000000018006bc2e f   ucrt:api-ms-win-crt-runtime-l1-1-0.dll
 0001:0006ac34       _initterm_e                000000018006bc34 f   ucrt:api-ms-win-crt-runtime-l1-1-0.dll
 0001:0006ac3a       _seh_filter_dll            000000018006bc3a f   ucrt:api-ms-win-crt-runtime-l1-1-0.dll
 0001:0006ac40       _configure_narrow_argv     000000018006bc40 f   ucrt:api-ms-win-crt-runtime-l1-1-0.dll
 0001:0006ac46       _initialize_narrow_environment 000000018006bc46 f   ucrt:api-ms-win-crt-runtime-l1-1-0.dll
 0001:0006ac4c       _initialize_onexit_table   000000018006bc4c f   ucrt:api-ms-win-crt-runtime-l1-1-0.dll
 0001:0006ac52       _register_onexit_function  000000018006bc52 f   ucrt:api-ms-win-crt-runtime-l1-1-0.dll
 0001:0006ac58       _execute_onexit_table      000000018006bc58 f   ucrt:api-ms-win-crt-runtime-l1-1-0.dll
 0001:0006ac5e       _crt_atexit                000000018006bc5e f   ucrt:api-ms-win-crt-runtime-l1-1-0.dll
 0001:0006ac64       _cexit                     000000018006bc64 f   ucrt:api-ms-win-crt-runtime-l1-1-0.dll
 0001:0006ac6a       IsProcessorFeaturePresent  000000018006bc6a f   kernel32:KERNEL32.dll
 0001:0006ac70       __acrt_thread_detach       000000018006bc70 f   MSVCRT:ucrt_stubs.obj
 0001:0006ac70       __acrt_thread_attach       000000018006bc70 f   MSVCRT:ucrt_stubs.obj
 0001:0006ac70       __acrt_uninitialize_critical 000000018006bc70 f   MSVCRT:ucrt_stubs.obj
 0001:0006ac70       __scrt_stub_for_acrt_uninitialize_critical 000000018006bc70 f   MSVCRT:ucrt_stubs.obj
 0001:0006ac70       __scrt_stub_for_acrt_thread_detach 000000018006bc70 f   MSVCRT:ucrt_stubs.obj
 0001:0006ac70       __acrt_uninitialize        000000018006bc70 f   MSVCRT:ucrt_stubs.obj
 0001:0006ac70       __scrt_stub_for_acrt_thread_attach 000000018006bc70 f   MSVCRT:ucrt_stubs.obj
 0001:0006ac70       __vcrt_thread_detach       000000018006bc70 f   MSVCRT:ucrt_stubs.obj
 0001:0006ac70       __acrt_initialize          000000018006bc70 f   MSVCRT:ucrt_stubs.obj
 0001:0006ac70       __vcrt_uninitialize        000000018006bc70 f   MSVCRT:ucrt_stubs.obj
 0001:0006ac70       __scrt_stub_for_acrt_uninitialize 000000018006bc70 f   MSVCRT:ucrt_stubs.obj
 0001:0006ac70       __vcrt_uninitialize_critical 000000018006bc70 f   MSVCRT:ucrt_stubs.obj
 0001:0006ac70       __vcrt_thread_attach       000000018006bc70 f   MSVCRT:ucrt_stubs.obj
 0001:0006ac70       __vcrt_initialize          000000018006bc70 f   MSVCRT:ucrt_stubs.obj
 0001:0006ac70       __scrt_stub_for_acrt_initialize 000000018006bc70 f   MSVCRT:ucrt_stubs.obj
 0001:0006ac74       __GSHandlerCheck           000000018006bc74 f   MSVCRT:gshandler.obj
 0001:0006ac94       __GSHandlerCheckCommon     000000018006bc94 f   MSVCRT:gshandler.obj
 0001:0006acf0       __GSHandlerCheck_EH        000000018006bcf0 f   MSVCRT:gshandlereh.obj
 0001:0006ad80       _alloca_probe              000000018006bd80 f   MSVCRT:chkstk.obj
 0001:0006ad80       __chkstk                   000000018006bd80 f   MSVCRT:chkstk.obj
 0001:0006ade0       __vdecl_cos2               000000018006bde0 f   MSVCRT:svml_dcos2_dispatch.obj
 0001:0006b2f0       __sse2_cos2                000000018006c2f0 f   MSVCRT:svml_dcos2_sse2.obj
 0001:0006b790       memchr                     000000018006c790 f   vcruntime:VCRUNTIME140.dll
 0001:0006b796       memcpy                     000000018006c796 f   vcruntime:VCRUNTIME140.dll
 0001:0006b79c       memmove                    000000018006c79c f   vcruntime:VCRUNTIME140.dll
 0001:0006b7a2       ceilf                      000000018006c7a2 f   ucrt:api-ms-win-crt-math-l1-1-0.dll
 0001:0006b7a8       exp                        000000018006c7a8 f   ucrt:api-ms-win-crt-math-l1-1-0.dll
 0001:0006b7ae       log                        000000018006c7ae f   ucrt:api-ms-win-crt-math-l1-1-0.dll
 0001:0006b7b4       logf                       000000018006c7b4 f   ucrt:api-ms-win-crt-math-l1-1-0.dll
 0001:0006b7ba       pow                        000000018006c7ba f   ucrt:api-ms-win-crt-math-l1-1-0.dll
 0001:0006b7c0       powf                       000000018006c7c0 f   ucrt:api-ms-win-crt-math-l1-1-0.dll
 0001:0006b7c6       sqrt                       000000018006c7c6 f   ucrt:api-ms-win-crt-math-l1-1-0.dll
 0001:0006b7cc       sqrtf                      000000018006c7cc f   ucrt:api-ms-win-crt-math-l1-1-0.dll
 0001:0006b7d2       strcmp                     000000018006c7d2 f   ucrt:api-ms-win-crt-string-l1-1-0.dll
 0001:0006b7f0       _guard_dispatch_icall_nop  000000018006c7f0 f   MSVCRT:guard_dispatch.obj
 0002:00000000       __imp_UnmapViewOfFile      000000018006f000     kernel32:KERNEL32.dll
 0002:00000008       __imp_CreateFileA          000000018006f008     kernel32:KERNEL32.dll
 0002:00000010       __imp_CloseHandle          000000018006f010     kernel32:KERNEL32.dll
 0002:00000018       __imp_CreateFileMappingA   000000018006f018     kernel32:KERNEL32.dll
 0002:00000020       __imp_IsDebuggerPresent    000000018006f020     kernel32:KERNEL32.dll
 0002:00000028       __imp_InitializeSListHead  000000018006f028     kernel32:KERNEL32.dll
 0002:00000030       __imp_DisableThreadLibraryCalls 000000018006f030     kernel32:KERNEL32.dll
 0002:00000038       __imp_GetSystemTimeAsFileTime 000000018006f038     kernel32:KERNEL32.dll
 0002:00000040       __imp_GetCurrentThreadId   000000018006f040     kernel32:KERNEL32.dll
 0002:00000048       __imp_GetCurrentProcessId  000000018006f048     kernel32:KERNEL32.dll
 0002:00000050       __imp_QueryPerformanceCounter 000000018006f050     kernel32:KERNEL32.dll
 0002:00000058       __imp_IsProcessorFeaturePresent 000000018006f058     kernel32:KERNEL32.dll
 0002:00000060       __imp_TerminateProcess     000000018006f060     kernel32:KERNEL32.dll
[...]
      283    ?parse_kodak_ifd@LibRaw@@IEAAXH@Z (protected: void __cdecl LibRaw::parse_kodak_ifd(int))
      284    ?parse_makernote@LibRaw@@IEAAXHH@Z (protected: void __cdecl LibRaw::parse_makernote(int,int))
      285    ?parse_makernote_0xc634@LibRaw@@IEAAXHHI@Z (protected: void __cdecl LibRaw::parse_makernote_0xc634(int,int,unsigned int))
      286    ?parse_minolta@LibRaw@@IEAAXH@Z (protected: void __cdecl LibRaw::parse_minolta(int))
      287    ?parse_mos@LibRaw@@IEAAXH@Z (protected: void __cdecl LibRaw::parse_mos(int))
      288    ?parse_phase_one@LibRaw@@IEAAXH@Z (protected: void __cdecl LibRaw::parse_phase_one(int))
      289    ?parse_qt@LibRaw@@IEAAXH@Z (protected: void __cdecl LibRaw::parse_qt(int))
      290    ?parse_redcine@LibRaw@@IEAAXXZ (protected: void __cdecl LibRaw::parse_redcine(void))
      291    ?parse_riff@LibRaw@@IEAAXXZ (protected: void __cdecl LibRaw::parse_riff(void))
      292    ?parse_rollei@LibRaw@@IEAAXXZ (protected: void __cdecl LibRaw::parse_rollei(void))
      293    ?parse_sinar_ia@LibRaw@@IEAAXXZ (protected: void __cdecl LibRaw::parse_sinar_ia(void))
      294    ?parse_smal@LibRaw@@IEAAXHH@Z (protected: void __cdecl LibRaw::parse_smal(int,int))
      295    ?parse_thumb_note@LibRaw@@IEAAXHII@Z (protected: void __cdecl LibRaw::parse_thumb_note(int,unsigned int,unsigned int))
      296    ?parse_tiff@LibRaw@@IEAAHH@Z (protected: int __cdecl LibRaw::parse_tiff(int))
      297    ?parse_tiff_ifd@LibRaw@@IEAAHH@Z (protected: int __cdecl LibRaw::parse_tiff_ifd(int))
      298    ?parse_x3f@LibRaw@@IEAAXXZ (protected: void __cdecl LibRaw::parse_x3f(void))
      299    ?pentax_4shot_load_raw@LibRaw@@IEAAXXZ (protected: void __cdecl LibRaw::pentax_4shot_load_raw(void))
      300    ?pentax_load_raw@LibRaw@@IEAAXXZ (protected: void __cdecl LibRaw::pentax_load_raw(void))
      301    ?ph1_bithuff@LibRaw@@IEAAIHPEAG@Z (protected: unsigned int __cdecl LibRaw::ph1_bithuff(int,unsigned short *))
      302    ?phase_one_allocate_tempbuffer@LibRaw@@IEAAXXZ (protected: void __cdecl LibRaw::phase_one_allocate_tempbuffer(void))
      303    ?phase_one_correct@LibRaw@@QEAAHXZ (public: int __cdecl LibRaw::phase_one_correct(void))
      304    ?phase_one_flat_field@LibRaw@@IEAAXHH@Z (protected: void __cdecl LibRaw::phase_one_flat_field(int,int))
      305    ?phase_one_free_tempbuffer@LibRaw@@IEAAXXZ (protected: void __cdecl LibRaw::phase_one_free_tempbuffer(void))
      306    ?phase_one_load_raw@LibRaw@@IEAAXXZ (protected: void __cdecl LibRaw::phase_one_load_raw(void))
      307    ?phase_one_load_raw_c@LibRaw@@IEAAXXZ (protected: void __cdecl LibRaw::phase_one_load_raw_c(void))
      308    ?phase_one_subtract_black@LibRaw@@QEAAHPEAG0@Z (public: int __cdecl LibRaw::phase_one_subtract_black(unsigned short *,unsigned short *))
      309    ?ppg_interpolate@LibRaw@@IEAAXXZ (protected: void __cdecl LibRaw::ppg_interpolate(void))
      310    ?ppm16_thumb@LibRaw@@IEAAXXZ (protected: void __cdecl LibRaw::ppm16_thumb(void))
      311    ?ppm_thumb@LibRaw@@IEAAXXZ (protected: void __cdecl LibRaw::ppm_thumb(void))
      312    ?pre_interpolate@LibRaw@@IEAAXXZ (protected: void __cdecl LibRaw::pre_interpolate(void))
      313    ?processCanonCameraInfo@LibRaw@@IEAAXIPEAEII@Z (protected: void __cdecl LibRaw::processCanonCameraInfo(unsigned int,unsigned char *,unsigned int,unsigned int))
      314    ?processNikonLensData@LibRaw@@IEAAXPEAEI@Z (protected: void __cdecl LibRaw::processNikonLensData(unsigned char *,unsigned int))
      315    ?process_Sony_0x0116@LibRaw@@IEAAXPEAEGI@Z (protected: void __cdecl LibRaw::process_Sony_0x0116(unsigned char *,unsigned short,unsigned int))
      316    ?process_Sony_0x2010@LibRaw@@IEAAXPEAEG@Z (protected: void __cdecl LibRaw::process_Sony_0x2010(unsigned char *,unsigned short))
      317    ?process_Sony_0x9050@LibRaw@@IEAAXPEAEGI@Z (protected: void __cdecl LibRaw::process_Sony_0x9050(unsigned char *,unsigned short,unsigned int))
      318    ?process_Sony_0x9400@LibRaw@@IEAAXPEAEGI@Z (protected: void __cdecl LibRaw::process_Sony_0x9400(unsigned char *,unsigned short,unsigned int))
      319    ?process_Sony_0x9402@LibRaw@@IEAAXPEAEG@Z (protected: void __cdecl LibRaw::process_Sony_0x9402(unsigned char *,unsigned short))
      320    ?process_Sony_0x9403@LibRaw@@IEAAXPEAEG@Z (protected: void __cdecl LibRaw::process_Sony_0x9403(unsigned char *,unsigned short))
      321    ?process_Sony_0x9406@LibRaw@@IEAAXPEAEG@Z (protected: void __cdecl LibRaw::process_Sony_0x9406(unsigned char *,unsigned short))
      322    ?process_Sony_0x940c@LibRaw@@IEAAXPEAEG@Z (protected: void __cdecl LibRaw::process_Sony_0x940c(unsigned char *,unsigned short))
      323    ?process_Sony_0x940e@LibRaw@@IEAAXPEAEGI@Z (protected: void __cdecl LibRaw::process_Sony_0x940e(unsigned char *,unsigned short,unsigned int))
      324    ?pseudoinverse@LibRaw@@IEAAXPEAY02N0H@Z (protected: void __cdecl LibRaw::pseudoinverse(double (*)[3],double (*)[3],int))
      325    ?quicktake_100_load_raw@LibRaw@@IEAAXXZ (protected: void __cdecl LibRaw::quicktake_100_load_raw(void))
      326    ?raw2image@LibRaw@@QEAAHXZ (public: int __cdecl LibRaw::raw2image(void))
      327    ?raw2image_ex@LibRaw@@QEAAHH@Z (public: int __cdecl LibRaw::raw2image_ex(int))
      328    ?raw2image_start@LibRaw@@QEAAXXZ (public: void __cdecl LibRaw::raw2image_start(void))
      329    ?raw@LibRaw@@IEAAHII@Z (protected: int __cdecl LibRaw::raw(unsigned int,unsigned int))
      330    ?raw_was_read@LibRaw@@IEAAHXZ (protected: int __cdecl LibRaw::raw_was_read(void))
      331    ?read@LibRaw_bigfile_datastream@@UEAAHPEAX_K1@Z (public: virtual int __cdecl LibRaw_bigfile_datastream::read(void *,unsigned __int64,unsigned __int64))
      332    ?read@LibRaw_buffer_datastream@@UEAAHPEAX_K1@Z (public: virtual int __cdecl LibRaw_buffer_datastream::read(void *,unsigned __int64,unsigned __int64))
      333    ?read@LibRaw_file_datastream@@UEAAHPEAX_K1@Z (public: virtual int __cdecl LibRaw_file_datastream::read(void *,unsigned __int64,unsigned __int64))
      334    ?read_shorts@LibRaw@@IEAAXPEAGI@Z (protected: void __cdecl LibRaw::read_shorts(unsigned short *,unsigned int))
      335    ?realloc@LibRaw@@IEAAPEAXPEAX_K@Z (protected: void * __cdecl LibRaw::realloc(void *,unsigned __int64))
      336    ?realloc@libraw_memmgr@@QEAAPEAXPEAX_K@Z (public: void * __cdecl libraw_memmgr::realloc(void *,unsigned __int64))
      337    ?reconstruct_base@LibRaw_windows_datastream@@IEAAXXZ (protected: void __cdecl LibRaw_windows_datastream::reconstruct_base(void))
      338    ?recover_highlights@LibRaw@@IEAAXXZ (protected: void __cdecl LibRaw::recover_highlights(void))
      339    ?recycle@LibRaw@@QEAAXXZ (public: void __cdecl LibRaw::recycle(void))
      340    ?recycle_datastream@LibRaw@@QEAAXXZ (public: void __cdecl LibRaw::recycle_datastream(void))
      341    ?redcine_load_raw@LibRaw@@IEAAXXZ (protected: void __cdecl LibRaw::redcine_load_raw(void))
      342    ?release@?$auto_ptr@V?$basic_streambuf@DU?$char_traits@D@std@@@std@@@std@@QEAAPEAV?$basic_streambuf@DU?$char_traits@D@std@@@2@XZ (public: class std::basic_streambuf<char,struct std::char_traits<char> > * __cdecl std::auto_ptr<class std::basic_streambuf<char,struct std::char_traits<char> > >::release(void))
      343    ?remove_zeroes@LibRaw@@IEAAXXZ (protected: void __cdecl LibRaw::remove_zeroes(void))
      344    ?reset@?$auto_ptr@V?$basic_streambuf@DU?$char_traits@D@std@@@std@@@std@@QEAAXPEAV?$basic_streambuf@DU?$char_traits@D@std@@@2@@Z (public: void __cdecl std::auto_ptr<class std::basic_streambuf<char,struct std::char_traits<char> > >::reset(class std::basic_streambuf<char,struct std::char_traits<char> > *))
      345    ?rgb_to_lch@LibRaw@@IEAAXPEAY02N@Z (protected: void __cdecl LibRaw::rgb_to_lch(double (*)[3]))
      346    ?rollei_load_raw@LibRaw@@IEAAXXZ (protected: void __cdecl LibRaw::rollei_load_raw(void))
      347    ?rollei_thumb@LibRaw@@IEAAXXZ (protected: void __cdecl LibRaw::rollei_thumb(void))
      348    ?romm_coeff@LibRaw@@IEAAXQEAY02M@Z (protected: void __cdecl LibRaw::romm_coeff(float (* const)[3]))
      349    ?samsung2_load_raw@LibRaw@@IEAAXXZ (protected: void __cdecl LibRaw::samsung2_load_raw(void))
      350    ?samsung3_load_raw@LibRaw@@IEAAXXZ (protected: void __cdecl LibRaw::samsung3_load_raw(void))
      351    ?samsung_load_raw@LibRaw@@IEAAXXZ (protected: void __cdecl LibRaw::samsung_load_raw(void))
      352    ?scale_colors@LibRaw@@IEAAXXZ (protected: void __cdecl LibRaw::scale_colors(void))
      353    ?scale_colors_loop@LibRaw@@MEAAXQEAM@Z (protected: virtual void __cdecl LibRaw::scale_colors_loop(float * const))
      354    ?scanf_one@LibRaw_bigfile_datastream@@UEAAHPEBDPEAX@Z (public: virtual int __cdecl LibRaw_bigfile_datastream::scanf_one(char const *,void *))
      355    ?scanf_one@LibRaw_buffer_datastream@@UEAAHPEBDPEAX@Z (public: virtual int __cdecl LibRaw_buffer_datastream::scanf_one(char const *,void *))
      356    ?scanf_one@LibRaw_file_datastream@@UEAAHPEBDPEAX@Z (public: virtual int __cdecl LibRaw_file_datastream::scanf_one(char const *,void *))
      357    ?seek@LibRaw_bigfile_datastream@@UEAAH_JH@Z (public: virtual int __cdecl LibRaw_bigfile_datastream::seek(__int64,int))
      358    ?seek@LibRaw_buffer_datastream@@UEAAH_JH@Z (public: virtual int __cdecl LibRaw_buffer_datastream::seek(__int64,int))
      359    ?seek@LibRaw_file_datastream@@UEAAH_JH@Z (public: virtual int __cdecl LibRaw_file_datastream::seek(__int64,int))
      360    ?setCancelFlag@LibRaw@@UEAAXXZ (public: virtual void __cdecl LibRaw::setCancelFlag(void))
      361    ?setCanonBodyFeatures@LibRaw@@IEAAII@Z (protected: unsigned int __cdecl LibRaw::setCanonBodyFeatures(unsigned int))
      362    ?setOlympusBodyFeatures@LibRaw@@IEAAX_K@Z (protected: void __cdecl LibRaw::setOlympusBodyFeatures(unsigned __int64))
      363    ?setPentaxBodyFeatures@LibRaw@@IEAAXI@Z (protected: void __cdecl LibRaw::setPentaxBodyFeatures(unsigned int))
      364    ?setPhaseOneFeatures@LibRaw@@IEAAXI@Z (protected: void __cdecl LibRaw::setPhaseOneFeatures(unsigned int))
      365    ?setSonyBodyFeatures@LibRaw@@IEAAXI@Z (protected: void __cdecl LibRaw::setSonyBodyFeatures(unsigned int))
      366    ?set_dataerror_handler@LibRaw@@QEAAXP6AXPEAXPEBDH@Z0@Z (public: void __cdecl LibRaw::set_dataerror_handler(void (__cdecl*)(void *,char const *,int),void *))
      367    ?set_dng_host@LibRaw@@QEAAXPEAX@Z (public: void __cdecl LibRaw::set_dng_host(void *))
      368    ?set_exifparser_handler@LibRaw@@QEAAXP6AXPEAXHHHI0@Z0@Z (public: void __cdecl LibRaw::set_exifparser_handler(void (__cdecl*)(void *,int,int,int,unsigned int,void *),void *))
      369    ?set_memerror_handler@LibRaw@@QEAAXP6AXPEAXPEBD1@Z0@Z (public: void __cdecl LibRaw::set_memerror_handler(void (__cdecl*)(void *,char const *,char const *),void *))
      370    ?set_progress_handler@LibRaw@@QEAAXP6AHPEAXW4LibRaw_progress@@HH@Z0@Z (public: void __cdecl LibRaw::set_progress_handler(int (__cdecl*)(void *,enum LibRaw_progress,int,int),void *))
      371    ?set_rawspeed_camerafile@LibRaw@@QEAAHPEAD@Z (public: int __cdecl LibRaw::set_rawspeed_camerafile(char *))
      372    ?sget2@LibRaw@@IEAAGPEAE@Z (protected: unsigned short __cdecl LibRaw::sget2(unsigned char *))
      373    ?sget2Rev@LibRaw@@IEAAGPEAE@Z (protected: unsigned short __cdecl LibRaw::sget2Rev(unsigned char *))
      374    ?sget4@LibRaw@@IEAAIPEAE@Z (protected: unsigned int __cdecl LibRaw::sget4(unsigned char *))
      375    ?simple_coeff@LibRaw@@IEAAXH@Z (protected: void __cdecl LibRaw::simple_coeff(int))
      376    ?sinar_4shot_load_raw@LibRaw@@IEAAXXZ (protected: void __cdecl LibRaw::sinar_4shot_load_raw(void))
      377    ?size@LibRaw_bigfile_datastream@@UEAA_JXZ (public: virtual __int64 __cdecl LibRaw_bigfile_datastream::size(void))
      378    ?size@LibRaw_buffer_datastream@@UEAA_JXZ (public: virtual __int64 __cdecl LibRaw_buffer_datastream::size(void))
      379    ?size@LibRaw_file_datastream@@UEAA_JXZ (public: virtual __int64 __cdecl LibRaw_file_datastream::size(void))
      380    ?size@LibRaw_windows_datastream@@UEAA_JXZ (public: virtual __int64 __cdecl LibRaw_windows_datastream::size(void))
      381    ?smal_decode_segment@LibRaw@@IEAAXQEAY01IH@Z (protected: void __cdecl LibRaw::smal_decode_segment(unsigned int (* const)[2],int))
      382    ?smal_v6_load_raw@LibRaw@@IEAAXXZ (protected: void __cdecl LibRaw::smal_v6_load_raw(void))
      383    ?smal_v9_load_raw@LibRaw@@IEAAXXZ (protected: void __cdecl LibRaw::smal_v9_load_raw(void))
      384    ?sony_arq_load_raw@LibRaw@@IEAAXXZ (protected: void __cdecl LibRaw::sony_arq_load_raw(void))
      385    ?sony_arw2_load_raw@LibRaw@@IEAAXXZ (protected: void __cdecl LibRaw::sony_arw2_load_raw(void))
      386    ?sony_arw_load_raw@LibRaw@@IEAAXXZ (protected: void __cdecl LibRaw::sony_arw_load_raw(void))
      387    ?sony_decrypt@LibRaw@@IEAAXPEAIHHH@Z (protected: void __cdecl LibRaw::sony_decrypt(unsigned int *,int,int,int))
      388    ?sony_load_raw@LibRaw@@IEAAXXZ (protected: void __cdecl LibRaw::sony_load_raw(void))
      389    ?sraw_midpoint@LibRaw@@QEAAHXZ (public: int __cdecl LibRaw::sraw_midpoint(void))
      390    ?strerror@LibRaw@@SAPEBDH@Z (public: static char const * __cdecl LibRaw::strerror(int))
      391    ?stretch@LibRaw@@IEAAXXZ (protected: void __cdecl LibRaw::stretch(void))
      392    ?strprogress@LibRaw@@SAPEBDW4LibRaw_progress@@@Z (public: static char const * __cdecl LibRaw::strprogress(enum LibRaw_progress))
      393    ?subfile_close@LibRaw_abstract_datastream@@UEAAXXZ (public: virtual void __cdecl LibRaw_abstract_datastream::subfile_close(void))
      394    ?subfile_close@LibRaw_bigfile_datastream@@UEAAXXZ (public: virtual void __cdecl LibRaw_bigfile_datastream::subfile_close(void))
      395    ?subfile_close@LibRaw_file_datastream@@UEAAXXZ (public: virtual void __cdecl LibRaw_file_datastream::subfile_close(void))
      396    ?subfile_open@LibRaw_abstract_datastream@@UEAAHPEBD@Z (public: virtual int __cdecl LibRaw_abstract_datastream::subfile_open(char const *))
      397    ?subfile_open@LibRaw_abstract_datastream@@UEAAHPEB_W@Z (public: virtual int __cdecl LibRaw_abstract_datastream::subfile_open(wchar_t const *))
      398    ?subfile_open@LibRaw_bigfile_datastream@@UEAAHPEBD@Z (public: virtual int __cdecl LibRaw_bigfile_datastream::subfile_open(char const *))
      399    ?subfile_open@LibRaw_bigfile_datastream@@UEAAHPEB_W@Z (public: virtual int __cdecl LibRaw_bigfile_datastream::subfile_open(wchar_t const *))
      400    ?subfile_open@LibRaw_file_datastream@@UEAAHPEBD@Z (public: virtual int __cdecl LibRaw_file_datastream::subfile_open(char const *))
      401    ?subfile_open@LibRaw_file_datastream@@UEAAHPEB_W@Z (public: virtual int __cdecl LibRaw_file_datastream::subfile_open(wchar_t const *))
      402    ?subtract@LibRaw@@IEAAXPEBD@Z (protected: void __cdecl LibRaw::subtract(char const *))
      403    ?subtract_black@LibRaw@@QEAAHXZ (public: int __cdecl LibRaw::subtract_black(void))
      404    ?subtract_black_internal@LibRaw@@QEAAHXZ (public: int __cdecl LibRaw::subtract_black_internal(void))
      405    ?tell@LibRaw_bigfile_datastream@@UEAA_JXZ (public: virtual __int64 __cdecl LibRaw_bigfile_datastream::tell(void))
      406    ?tell@LibRaw_buffer_datastream@@UEAA_JXZ (public: virtual __int64 __cdecl LibRaw_buffer_datastream::tell(void))
      407    ?tell@LibRaw_file_datastream@@UEAA_JXZ (public: virtual __int64 __cdecl LibRaw_file_datastream::tell(void))
      408    ?tempbuffer_close@LibRaw_abstract_datastream@@UEAAXXZ (public: virtual void __cdecl LibRaw_abstract_datastream::tempbuffer_close(void))
      409    ?tempbuffer_open@LibRaw_abstract_datastream@@UEAAHPEAX_K@Z (public: virtual int __cdecl LibRaw_abstract_datastream::tempbuffer_open(void *,unsigned __int64))
      410    ?thumbOK@LibRaw@@QEAAH_J@Z (public: int __cdecl LibRaw::thumbOK(__int64))
      411    ?tiff_get@LibRaw@@IEAAXIPEAI000@Z (protected: void __cdecl LibRaw::tiff_get(unsigned int,unsigned int *,unsigned int *,unsigned int *,unsigned int *))
      412    ?tiff_head@LibRaw@@IEAAXPEAUtiff_hdr@@H@Z (protected: void __cdecl LibRaw::tiff_head(struct tiff_hdr *,int))
      413    ?tiff_set@LibRaw@@IEAAXPEAUtiff_hdr@@PEAGGGHH@Z (protected: void __cdecl LibRaw::tiff_set(struct tiff_hdr *,unsigned short *,unsigned short,unsigned short,int,int))
      414    ?try_dngsdk@LibRaw@@IEAAHXZ (protected: int __cdecl LibRaw::try_dngsdk(void))
      415    ?try_rawspeed@LibRaw@@IEAAHXZ (protected: int __cdecl LibRaw::try_rawspeed(void))
      416    ?unlock@LibRaw_abstract_datastream@@UEAAXXZ (public: virtual void __cdecl LibRaw_abstract_datastream::unlock(void))
      417    ?unpack@LibRaw@@QEAAHXZ (public: int __cdecl LibRaw::unpack(void))
      418    ?unpack_function_name@LibRaw@@QEAAPEBDXZ (public: char const * __cdecl LibRaw::unpack_function_name(void))
      419    ?unpack_thumb@LibRaw@@QEAAHXZ (public: int __cdecl LibRaw::unpack_thumb(void))
      420    ?unpacked_load_raw@LibRaw@@IEAAXXZ (protected: void __cdecl LibRaw::unpacked_load_raw(void))
      421    ?unpacked_load_raw_fuji_f700s20@LibRaw@@IEAAXXZ (protected: void __cdecl LibRaw::unpacked_load_raw_fuji_f700s20(void))
      422    ?unpacked_load_raw_reversed@LibRaw@@IEAAXXZ (protected: void __cdecl LibRaw::unpacked_load_raw_reversed(void))
      423    ?valid@LibRaw_bigfile_datastream@@UEAAHXZ (public: virtual int __cdecl LibRaw_bigfile_datastream::valid(void))
      424    ?valid@LibRaw_buffer_datastream@@UEAAHXZ (public: virtual int __cdecl LibRaw_buffer_datastream::valid(void))
      425    ?valid@LibRaw_file_datastream@@UEAAHXZ (public: virtual int __cdecl LibRaw_file_datastream::valid(void))
      426    ?valid_for_dngsdk@LibRaw@@IEAAHXZ (protected: int __cdecl LibRaw::valid_for_dngsdk(void))
      427    ?version@LibRaw@@SAPEBDXZ (public: static char const * __cdecl LibRaw::version(void))
      428    ?versionNumber@LibRaw@@SAHXZ (public: static int __cdecl LibRaw::versionNumber(void))
      429    ?vng_interpolate@LibRaw@@IEAAXXZ (protected: void __cdecl LibRaw::vng_interpolate(void))
      430    ?wavelet_denoise@LibRaw@@IEAAXXZ (protected: void __cdecl LibRaw::wavelet_denoise(void))
      431    ?wfname@LibRaw_abstract_datastream@@UEAAPEB_WXZ (public: virtual wchar_t const * __cdecl LibRaw_abstract_datastream::wfname(void))
      432    ?wfname@LibRaw_bigfile_datastream@@UEAAPEB_WXZ (public: virtual wchar_t const * __cdecl LibRaw_bigfile_datastream::wfname(void))
      433    ?wfname@LibRaw_file_datastream@@UEAAPEB_WXZ (public: virtual wchar_t const * __cdecl LibRaw_file_datastream::wfname(void))
      434    ?write_ppm_tiff@LibRaw@@IEAAXXZ (protected: void __cdecl LibRaw::write_ppm_tiff(void))
      435    ?x3f_dpq_interpolate_af@LibRaw@@IEAAXHHH@Z (protected: void __cdecl LibRaw::x3f_dpq_interpolate_af(int,int,int))
      436    ?x3f_dpq_interpolate_af_sd@LibRaw@@IEAAXHHHHHHH@Z (protected: void __cdecl LibRaw::x3f_dpq_interpolate_af_sd(int,int,int,int,int,int,int))
      437    ?x3f_dpq_interpolate_rg@LibRaw@@IEAAXXZ (protected: void __cdecl LibRaw::x3f_dpq_interpolate_rg(void))
      438    ?x3f_load_raw@LibRaw@@IEAAXXZ (protected: void __cdecl LibRaw::x3f_load_raw(void))
      439    ?x3f_thumb_loader@LibRaw@@IEAAXXZ (protected: void __cdecl LibRaw::x3f_thumb_loader(void))
      440    ?x3f_thumb_size@LibRaw@@IEAA_JXZ (protected: __int64 __cdecl LibRaw::x3f_thumb_size(void))
      441    ?xtrans_decode_block@LibRaw@@IEAAXPEAUfuji_compressed_block@@PEBUfuji_compressed_params@@H@Z (protected: void __cdecl LibRaw::xtrans_decode_block(struct fuji_compressed_block *,struct fuji_compressed_params const *,int))
      442    ?xtrans_interpolate@LibRaw@@IEAAXH@Z (protected: void __cdecl LibRaw::xtrans_interpolate(int))
      443    _register_node_libraw_
      444    default_data_callback
      445    default_memory_callback
      446    libraw_strerror
